2026-07-14 14:26:24 [main] INFO  testCases.TC001_AccountRegistrationTest - ******* Starting TC001_AccountRegistrationTest *********
2026-07-14 14:26:24 [main] INFO  testCases.TC001_AccountRegistrationTest - Clicked on MyAccount link
2026-07-14 14:26:25 [main] INFO  testCases.TC001_AccountRegistrationTest - Clicked on register link
2026-07-14 14:26:25 [main] INFO  testCases.TC001_AccountRegistrationTest - Providing customer details....
2026-07-14 14:26:28 [main] INFO  testCases.TC001_AccountRegistrationTest - Validating expected message...
2026-07-14 14:28:45 [main] INFO  testCases.TC001_AccountRegistrationTest - ******* Starting TC001_AccountRegistrationTest *********
2026-07-14 14:28:45 [main] INFO  testCases.TC001_AccountRegistrationTest - Clicked on MyAccount link
2026-07-14 14:28:46 [main] INFO  testCases.TC001_AccountRegistrationTest - Clicked on register link
2026-07-14 14:28:46 [main] INFO  testCases.TC001_AccountRegistrationTest - Providing customer details....
2026-07-14 14:28:48 [main] INFO  testCases.TC001_AccountRegistrationTest - Validating expected message...
2026-07-14 14:29:14 [main] INFO  testCases.TC001_AccountRegistrationTest - ******* Starting TC001_AccountRegistrationTest *********
2026-07-14 14:29:14 [main] INFO  testCases.TC001_AccountRegistrationTest - Clicked on MyAccount link
2026-07-14 14:29:15 [main] INFO  testCases.TC001_AccountRegistrationTest - Clicked on register link
2026-07-14 14:29:15 [main] INFO  testCases.TC001_AccountRegistrationTest - Providing customer details....
2026-07-14 14:29:18 [main] INFO  testCases.TC001_AccountRegistrationTest - Validating expected message...
2026-07-14 14:34:43 [main] INFO  testCases.TC001_AccountRegistrationTest - ******* Starting TC001_AccountRegistrationTest *********
2026-07-14 14:34:43 [main] INFO  testCases.TC001_AccountRegistrationTest - Clicked on MyAccount link
2026-07-14 14:34:44 [main] INFO  testCases.TC001_AccountRegistrationTest - Clicked on register link
2026-07-14 14:34:44 [main] INFO  testCases.TC001_AccountRegistrationTest - Providing customer details....
2026-07-14 14:34:46 [main] INFO  testCases.TC001_AccountRegistrationTest - Validating expected message...
2026-07-14 14:34:47 [main] ERROR testCases.TC001_AccountRegistrationTest - Test failed...
2026-07-14 14:34:47 [main] DEBUG testCases.TC001_AccountRegistrationTest - Debug logs..
2026-07-14 14:35:55 [main] INFO  testCases.TC001_AccountRegistrationTest - ******* Starting TC001_AccountRegistrationTest *********
2026-07-14 14:35:56 [main] INFO  testCases.TC001_AccountRegistrationTest - Clicked on MyAccount link
2026-07-14 14:35:56 [main] INFO  testCases.TC001_AccountRegistrationTest - Clicked on register link
2026-07-14 14:35:56 [main] INFO  testCases.TC001_AccountRegistrationTest - Providing customer details....
2026-07-14 14:36:00 [main] INFO  testCases.TC001_AccountRegistrationTest - Validating expected message...
2026-07-14 14:36:00 [main] ERROR testCases.TC001_AccountRegistrationTest - Test failed...
2026-07-14 14:36:00 [main] DEBUG testCases.TC001_AccountRegistrationTest - Debug logs..
2026-07-14 16:54:32 [main] INFO  testCases.TC001_AccountRegistrationTest - ******* Starting TC001_AccountRegistrationTest *********
2026-07-14 16:54:32 [main] INFO  testCases.TC001_AccountRegistrationTest - Clicked on MyAccount link
2026-07-14 16:54:33 [main] INFO  testCases.TC001_AccountRegistrationTest - Clicked on register link
2026-07-14 16:54:33 [main] INFO  testCases.TC001_AccountRegistrationTest - Providing customer details....
2026-07-14 16:54:36 [main] INFO  testCases.TC001_AccountRegistrationTest - Validating expected message...
2026-07-14 16:54:36 [main] ERROR testCases.TC001_AccountRegistrationTest - Test failed...
2026-07-14 16:54:36 [main] DEBUG testCases.TC001_AccountRegistrationTest - Debug logs..
2026-07-14 17:21:20 [main] INFO  testCases.TC001_AccountRegistrationTest - ******* Starting TC001_AccountRegistrationTest *********
2026-07-14 17:21:20 [main] INFO  testCases.TC001_AccountRegistrationTest - Clicked on MyAccount link
2026-07-14 17:21:21 [main] INFO  testCases.TC001_AccountRegistrationTest - Clicked on register link
2026-07-14 17:21:21 [main] INFO  testCases.TC001_AccountRegistrationTest - Providing customer details....
2026-07-14 17:21:24 [main] INFO  testCases.TC001_AccountRegistrationTest - Validating expected message...
2026-07-14 17:21:25 [main] INFO  testCases.TC001_AccountRegistrationTest - ******* Finished TC001_AccountRegistrationTest *********
2026-07-14 17:23:17 [main] INFO  testCases.TC001_AccountRegistrationTest - ******* Starting TC001_AccountRegistrationTest *********
2026-07-14 17:23:17 [main] INFO  testCases.TC001_AccountRegistrationTest - Clicked on MyAccount link
2026-07-14 17:23:18 [main] INFO  testCases.TC001_AccountRegistrationTest - Clicked on register link
2026-07-14 17:23:18 [main] INFO  testCases.TC001_AccountRegistrationTest - Providing customer details....
2026-07-14 17:23:22 [main] INFO  testCases.TC001_AccountRegistrationTest - Validating expected message...
2026-07-14 17:23:22 [main] INFO  testCases.TC001_AccountRegistrationTest - ******* Finished TC001_AccountRegistrationTest *********
2026-07-14 17:24:39 [main] INFO  testCases.TC001_AccountRegistrationTest - ******* Starting TC001_AccountRegistrationTest *********
2026-07-14 17:24:39 [main] INFO  testCases.TC001_AccountRegistrationTest - Clicked on MyAccount link
2026-07-14 17:24:40 [main] INFO  testCases.TC001_AccountRegistrationTest - Clicked on register link
2026-07-14 17:24:40 [main] INFO  testCases.TC001_AccountRegistrationTest - Providing customer details....
2026-07-14 17:24:45 [main] INFO  testCases.TC001_AccountRegistrationTest - Validating expected message...
2026-07-14 17:24:45 [main] INFO  testCases.TC001_AccountRegistrationTest - ******* Finished TC001_AccountRegistrationTest *********
2026-07-14 17:26:15 [main] INFO  testCases.TC001_AccountRegistrationTest - ******* Starting TC001_AccountRegistrationTest *********
2026-07-14 17:26:15 [main] INFO  testCases.TC001_AccountRegistrationTest - Clicked on MyAccount link
2026-07-14 17:26:16 [main] INFO  testCases.TC001_AccountRegistrationTest - Clicked on register link
2026-07-14 17:26:16 [main] INFO  testCases.TC001_AccountRegistrationTest - Providing customer details....
2026-07-14 17:26:21 [main] INFO  testCases.TC001_AccountRegistrationTest - Validating expected message...
2026-07-14 17:26:21 [main] INFO  testCases.TC001_AccountRegistrationTest - ******* Finished TC001_AccountRegistrationTest *********
2026-07-14 17:33:15 [main] INFO  testCases.TC001_AccountRegistrationTest - ******* Starting TC001_AccountRegistrationTest *********
2026-07-14 17:33:15 [main] INFO  testCases.TC001_AccountRegistrationTest - Clicked on MyAccount link
2026-07-14 17:33:16 [main] INFO  testCases.TC001_AccountRegistrationTest - Clicked on register link
2026-07-14 17:33:16 [main] INFO  testCases.TC001_AccountRegistrationTest - Providing customer details....
2026-07-14 17:33:19 [main] INFO  testCases.TC001_AccountRegistrationTest - Validating expected message...
2026-07-14 17:33:19 [main] INFO  testCases.TC001_AccountRegistrationTest - ******* Finished TC001_AccountRegistrationTest *********
2026-07-14 17:33:23 [main] INFO  testCases.TC001_AccountRegistrationTest - ******* Starting TC001_AccountRegistrationTest *********
2026-07-14 17:33:24 [main] INFO  testCases.TC001_AccountRegistrationTest - Clicked on MyAccount link
2026-07-14 17:33:24 [main] INFO  testCases.TC001_AccountRegistrationTest - Clicked on register link
2026-07-14 17:33:24 [main] INFO  testCases.TC001_AccountRegistrationTest - Providing customer details....
2026-07-14 17:33:28 [main] INFO  testCases.TC001_AccountRegistrationTest - Validating expected message...
2026-07-14 17:33:28 [main] INFO  testCases.TC001_AccountRegistrationTest - ******* Finished TC001_AccountRegistrationTest *********
2026-07-14 17:33:36 [main] INFO  testCases.TC001_AccountRegistrationTest - ******* Starting TC001_AccountRegistrationTest *********
2026-07-14 17:33:36 [main] INFO  testCases.TC001_AccountRegistrationTest - Clicked on MyAccount link
2026-07-14 17:33:37 [main] INFO  testCases.TC001_AccountRegistrationTest - Clicked on register link
2026-07-14 17:33:37 [main] INFO  testCases.TC001_AccountRegistrationTest - Providing customer details....
2026-07-14 17:33:40 [main] INFO  testCases.TC001_AccountRegistrationTest - Validating expected message...
2026-07-14 17:33:40 [main] INFO  testCases.TC001_AccountRegistrationTest - ******* Finished TC001_AccountRegistrationTest *********
2026-07-14 17:42:21 [main] INFO  testCases.TC001_AccountRegistrationTest - ******* Starting TC001_AccountRegistrationTest *********
2026-07-14 17:42:21 [main] INFO  testCases.TC001_AccountRegistrationTest - Clicked on MyAccount link
2026-07-14 17:42:22 [main] INFO  testCases.TC001_AccountRegistrationTest - Clicked on register link
2026-07-14 17:42:22 [main] INFO  testCases.TC001_AccountRegistrationTest - Providing customer details....
2026-07-14 17:42:25 [main] INFO  testCases.TC001_AccountRegistrationTest - Validating expected message...
2026-07-14 17:42:25 [main] INFO  testCases.TC001_AccountRegistrationTest - ******* Finished TC001_AccountRegistrationTest *********
2026-07-14 17:42:29 [main] INFO  testCases.TC001_AccountRegistrationTest - ******* Starting TC001_AccountRegistrationTest *********
2026-07-14 17:42:29 [main] INFO  testCases.TC001_AccountRegistrationTest - Clicked on MyAccount link
2026-07-14 17:42:29 [main] INFO  testCases.TC001_AccountRegistrationTest - Clicked on register link
2026-07-14 17:42:29 [main] INFO  testCases.TC001_AccountRegistrationTest - Providing customer details....
2026-07-14 17:42:33 [main] INFO  testCases.TC001_AccountRegistrationTest - Validating expected message...
2026-07-14 17:42:33 [main] INFO  testCases.TC001_AccountRegistrationTest - ******* Finished TC001_AccountRegistrationTest *********
2026-07-14 17:42:40 [main] INFO  testCases.TC001_AccountRegistrationTest - ******* Starting TC001_AccountRegistrationTest *********
2026-07-14 17:42:40 [main] INFO  testCases.TC001_AccountRegistrationTest - Clicked on MyAccount link
2026-07-14 17:42:41 [main] INFO  testCases.TC001_AccountRegistrationTest - Clicked on register link
2026-07-14 17:42:41 [main] INFO  testCases.TC001_AccountRegistrationTest - Providing customer details....
2026-07-14 17:42:43 [main] INFO  testCases.TC001_AccountRegistrationTest - Validating expected message...
2026-07-14 17:42:43 [main] INFO  testCases.TC001_AccountRegistrationTest - ******* Finished TC001_AccountRegistrationTest *********
2026-07-14 17:48:02 [TestNG-tests-1] INFO  testCases.TC001_AccountRegistrationTest - ******* Starting TC001_AccountRegistrationTest *********
2026-07-14 17:48:02 [TestNG-tests-2] INFO  testCases.TC001_AccountRegistrationTest - ******* Starting TC001_AccountRegistrationTest *********
2026-07-14 17:48:02 [TestNG-tests-2] INFO  testCases.TC001_AccountRegistrationTest - Clicked on MyAccount link
2026-07-14 17:48:02 [TestNG-tests-1] INFO  testCases.TC001_AccountRegistrationTest - Clicked on MyAccount link
2026-07-14 17:48:04 [TestNG-tests-2] INFO  testCases.TC001_AccountRegistrationTest - Clicked on register link
2026-07-14 17:48:04 [TestNG-tests-2] INFO  testCases.TC001_AccountRegistrationTest - Providing customer details....
2026-07-14 17:48:04 [TestNG-tests-1] INFO  testCases.TC001_AccountRegistrationTest - Clicked on register link
2026-07-14 17:48:04 [TestNG-tests-1] INFO  testCases.TC001_AccountRegistrationTest - Providing customer details....
2026-07-14 17:48:06 [TestNG-tests-3] INFO  testCases.TC001_AccountRegistrationTest - ******* Starting TC001_AccountRegistrationTest *********
2026-07-14 17:48:06 [TestNG-tests-3] INFO  testCases.TC001_AccountRegistrationTest - Clicked on MyAccount link
2026-07-14 17:48:07 [TestNG-tests-3] INFO  testCases.TC001_AccountRegistrationTest - Clicked on register link
2026-07-14 17:48:07 [TestNG-tests-3] INFO  testCases.TC001_AccountRegistrationTest - Providing customer details....
2026-07-14 17:48:10 [TestNG-tests-3] INFO  testCases.TC001_AccountRegistrationTest - Validating expected message...
2026-07-14 17:48:10 [TestNG-tests-3] INFO  testCases.TC001_AccountRegistrationTest - ******* Finished TC001_AccountRegistrationTest *********
2026-07-14 17:48:11 [TestNG-tests-1] INFO  testCases.TC001_AccountRegistrationTest - Validating expected message...
2026-07-14 17:48:11 [TestNG-tests-2] INFO  testCases.TC001_AccountRegistrationTest - Validating expected message...
2026-07-14 17:48:12 [TestNG-tests-1] INFO  testCases.TC001_AccountRegistrationTest - ******* Finished TC001_AccountRegistrationTest *********
2026-07-14 17:48:12 [TestNG-tests-2] INFO  testCases.TC001_AccountRegistrationTest - ******* Finished TC001_AccountRegistrationTest *********
2026-07-14 18:18:54 [main] INFO  testCases.TC001_AccountRegistrationTest - ******* Starting TC001_AccountRegistrationTest *********
2026-07-14 18:18:54 [main] INFO  testCases.TC001_AccountRegistrationTest - Clicked on MyAccount link
2026-07-14 18:18:55 [main] INFO  testCases.TC001_AccountRegistrationTest - Clicked on register link
2026-07-14 18:18:55 [main] INFO  testCases.TC001_AccountRegistrationTest - Providing customer details....
2026-07-14 18:18:58 [main] INFO  testCases.TC001_AccountRegistrationTest - Validating expected message...
2026-07-14 18:18:58 [main] INFO  testCases.TC001_AccountRegistrationTest - ******* Finished TC001_AccountRegistrationTest *********
2026-07-15 11:46:39 [main] INFO  testCases.TC002_LoginTest - ***** Starting of TC002_LoginTest *****
2026-07-15 11:46:42 [main] INFO  testCases.TC002_LoginTest - ***** Finished TC002_LoginTest *****
2026-07-15 11:50:29 [main] INFO  testCases.TC002_LoginTest - ***** Starting of TC002_LoginTest *****
2026-07-15 11:50:32 [main] INFO  testCases.TC002_LoginTest - ***** Finished TC002_LoginTest *****
2026-07-15 11:51:44 [main] INFO  testCases.TC002_LoginTest - ***** Starting of TC002_LoginTest *****
2026-07-15 11:51:46 [main] INFO  testCases.TC002_LoginTest - ***** Finished TC002_LoginTest *****
2026-07-15 11:56:01 [main] INFO  testCases.TC002_LoginTest - ***** Starting of TC002_LoginTest *****
2026-07-15 11:56:04 [main] INFO  testCases.TC002_LoginTest - ***** Finished TC002_LoginTest *****
2026-07-15 22:36:10 [main] DEBUG org.apache.poi.openxml4j.opc.PackageRelationshipCollection - Parsing relationship: /xl/_rels/workbook.xml.rels
2026-07-15 22:36:10 [main] DEBUG org.apache.poi.openxml4j.opc.PackageRelationshipCollection - Parsing relationship: /xl/worksheets/_rels/sheet1.xml.rels
2026-07-15 22:36:10 [main] DEBUG org.apache.poi.openxml4j.opc.PackageRelationshipCollection - Parsing relationship: /_rels/.rels
2026-07-15 22:36:10 [main] DEBUG org.apache.poi.ooxml.POIXMLFactory - using default POIXMLDocumentPart for http://schemas.openxmlformats.org/officeDocument/2006/relationships/printerSettings
2026-07-15 22:36:11 [main] DEBUG org.apache.poi.openxml4j.opc.PackageRelationshipCollection - Parsing relationship: /xl/_rels/workbook.xml.rels
2026-07-15 22:36:11 [main] DEBUG org.apache.poi.openxml4j.opc.PackageRelationshipCollection - Parsing relationship: /xl/worksheets/_rels/sheet1.xml.rels
2026-07-15 22:36:11 [main] DEBUG org.apache.poi.openxml4j.opc.PackageRelationshipCollection - Parsing relationship: /_rels/.rels
2026-07-15 22:36:11 [main] DEBUG org.apache.poi.ooxml.POIXMLFactory - using default POIXMLDocumentPart for http://schemas.openxmlformats.org/officeDocument/2006/relationships/printerSettings
2026-07-15 22:36:11 [main] DEBUG org.apache.poi.openxml4j.opc.PackageRelationshipCollection - Parsing relationship: /xl/_rels/workbook.xml.rels
2026-07-15 22:36:11 [main] DEBUG org.apache.poi.openxml4j.opc.PackageRelationshipCollection - Parsing relationship: /xl/worksheets/_rels/sheet1.xml.rels
2026-07-15 22:36:11 [main] DEBUG org.apache.poi.openxml4j.opc.PackageRelationshipCollection - Parsing relationship: /_rels/.rels
2026-07-15 22:36:11 [main] DEBUG org.apache.poi.ooxml.POIXMLFactory - using default POIXMLDocumentPart for http://schemas.openxmlformats.org/officeDocument/2006/relationships/printerSettings
2026-07-15 22:36:11 [main] DEBUG org.apache.poi.openxml4j.opc.PackageRelationshipCollection - Parsing relationship: /xl/_rels/workbook.xml.rels
2026-07-15 22:36:11 [main] DEBUG org.apache.poi.openxml4j.opc.PackageRelationshipCollection - Parsing relationship: /xl/worksheets/_rels/sheet1.xml.rels
2026-07-15 22:36:11 [main] DEBUG org.apache.poi.openxml4j.opc.PackageRelationshipCollection - Parsing relationship: /_rels/.rels
2026-07-15 22:36:11 [main] DEBUG org.apache.poi.ooxml.POIXMLFactory - using default POIXMLDocumentPart for http://schemas.openxmlformats.org/officeDocument/2006/relationships/printerSettings
2026-07-15 22:36:11 [main] DEBUG org.apache.poi.openxml4j.opc.PackageRelationshipCollection - Parsing relationship: /xl/_rels/workbook.xml.rels
2026-07-15 22:36:11 [main] DEBUG org.apache.poi.openxml4j.opc.PackageRelationshipCollection - Parsing relationship: /xl/worksheets/_rels/sheet1.xml.rels
2026-07-15 22:36:11 [main] DEBUG org.apache.poi.openxml4j.opc.PackageRelationshipCollection - Parsing relationship: /_rels/.rels
2026-07-15 22:36:11 [main] DEBUG org.apache.poi.ooxml.POIXMLFactory - using default POIXMLDocumentPart for http://schemas.openxmlformats.org/officeDocument/2006/relationships/printerSettings
2026-07-15 22:36:11 [main] DEBUG org.apache.poi.openxml4j.opc.PackageRelationshipCollection - Parsing relationship: /xl/_rels/workbook.xml.rels
2026-07-15 22:36:11 [main] DEBUG org.apache.poi.openxml4j.opc.PackageRelationshipCollection - Parsing relationship: /xl/worksheets/_rels/sheet1.xml.rels
2026-07-15 22:36:11 [main] DEBUG org.apache.poi.openxml4j.opc.PackageRelationshipCollection - Parsing relationship: /_rels/.rels
2026-07-15 22:36:11 [main] DEBUG org.apache.poi.ooxml.POIXMLFactory - using default POIXMLDocumentPart for http://schemas.openxmlformats.org/officeDocument/2006/relationships/printerSettings
2026-07-15 22:36:11 [main] DEBUG org.apache.poi.openxml4j.opc.PackageRelationshipCollection - Parsing relationship: /xl/_rels/workbook.xml.rels
2026-07-15 22:36:11 [main] DEBUG org.apache.poi.openxml4j.opc.PackageRelationshipCollection - Parsing relationship: /xl/worksheets/_rels/sheet1.xml.rels
2026-07-15 22:36:11 [main] DEBUG org.apache.poi.openxml4j.opc.PackageRelationshipCollection - Parsing relationship: /_rels/.rels
2026-07-15 22:36:11 [main] DEBUG org.apache.poi.ooxml.POIXMLFactory - using default POIXMLDocumentPart for http://schemas.openxmlformats.org/officeDocument/2006/relationships/printerSettings
2026-07-15 22:36:11 [main] DEBUG org.apache.poi.openxml4j.opc.PackageRelationshipCollection - Parsing relationship: /xl/_rels/workbook.xml.rels
2026-07-15 22:36:11 [main] DEBUG org.apache.poi.openxml4j.opc.PackageRelationshipCollection - Parsing relationship: /xl/worksheets/_rels/sheet1.xml.rels
2026-07-15 22:36:11 [main] DEBUG org.apache.poi.openxml4j.opc.PackageRelationshipCollection - Parsing relationship: /_rels/.rels
2026-07-15 22:36:11 [main] DEBUG org.apache.poi.ooxml.POIXMLFactory - using default POIXMLDocumentPart for http://schemas.openxmlformats.org/officeDocument/2006/relationships/printerSettings
2026-07-15 22:36:11 [main] DEBUG org.apache.poi.openxml4j.opc.PackageRelationshipCollection - Parsing relationship: /xl/_rels/workbook.xml.rels
2026-07-15 22:36:11 [main] DEBUG org.apache.poi.openxml4j.opc.PackageRelationshipCollection - Parsing relationship: /xl/worksheets/_rels/sheet1.xml.rels
2026-07-15 22:36:11 [main] DEBUG org.apache.poi.openxml4j.opc.PackageRelationshipCollection - Parsing relationship: /_rels/.rels
2026-07-15 22:36:11 [main] DEBUG org.apache.poi.ooxml.POIXMLFactory - using default POIXMLDocumentPart for http://schemas.openxmlformats.org/officeDocument/2006/relationships/printerSettings
2026-07-15 22:36:11 [main] DEBUG org.apache.poi.openxml4j.opc.PackageRelationshipCollection - Parsing relationship: /xl/_rels/workbook.xml.rels
2026-07-15 22:36:11 [main] DEBUG org.apache.poi.openxml4j.opc.PackageRelationshipCollection - Parsing relationship: /xl/worksheets/_rels/sheet1.xml.rels
2026-07-15 22:36:11 [main] DEBUG org.apache.poi.openxml4j.opc.PackageRelationshipCollection - Parsing relationship: /_rels/.rels
2026-07-15 22:36:11 [main] DEBUG org.apache.poi.ooxml.POIXMLFactory - using default POIXMLDocumentPart for http://schemas.openxmlformats.org/officeDocument/2006/relationships/printerSettings
2026-07-15 22:36:11 [main] DEBUG org.apache.poi.openxml4j.opc.PackageRelationshipCollection - Parsing relationship: /xl/_rels/workbook.xml.rels
2026-07-15 22:36:11 [main] DEBUG org.apache.poi.openxml4j.opc.PackageRelationshipCollection - Parsing relationship: /xl/worksheets/_rels/sheet1.xml.rels
2026-07-15 22:36:11 [main] DEBUG org.apache.poi.openxml4j.opc.PackageRelationshipCollection - Parsing relationship: /_rels/.rels
2026-07-15 22:36:11 [main] DEBUG org.apache.poi.ooxml.POIXMLFactory - using default POIXMLDocumentPart for http://schemas.openxmlformats.org/officeDocument/2006/relationships/printerSettings
2026-07-15 22:36:11 [main] DEBUG org.apache.poi.openxml4j.opc.PackageRelationshipCollection - Parsing relationship: /xl/_rels/workbook.xml.rels
2026-07-15 22:36:11 [main] DEBUG org.apache.poi.openxml4j.opc.PackageRelationshipCollection - Parsing relationship: /xl/worksheets/_rels/sheet1.xml.rels
2026-07-15 22:36:11 [main] DEBUG org.apache.poi.openxml4j.opc.PackageRelationshipCollection - Parsing relationship: /_rels/.rels
2026-07-15 22:36:11 [main] DEBUG org.apache.poi.ooxml.POIXMLFactory - using default POIXMLDocumentPart for http://schemas.openxmlformats.org/officeDocument/2006/relationships/printerSettings
2026-07-15 22:36:11 [main] DEBUG org.apache.poi.openxml4j.opc.PackageRelationshipCollection - Parsing relationship: /xl/_rels/workbook.xml.rels
2026-07-15 22:36:11 [main] DEBUG org.apache.poi.openxml4j.opc.PackageRelationshipCollection - Parsing relationship: /xl/worksheets/_rels/sheet1.xml.rels
2026-07-15 22:36:11 [main] DEBUG org.apache.poi.openxml4j.opc.PackageRelationshipCollection - Parsing relationship: /_rels/.rels
2026-07-15 22:36:11 [main] DEBUG org.apache.poi.ooxml.POIXMLFactory - using default POIXMLDocumentPart for http://schemas.openxmlformats.org/officeDocument/2006/relationships/printerSettings
2026-07-15 22:36:11 [main] DEBUG org.apache.poi.openxml4j.opc.PackageRelationshipCollection - Parsing relationship: /xl/_rels/workbook.xml.rels
2026-07-15 22:36:11 [main] DEBUG org.apache.poi.openxml4j.opc.PackageRelationshipCollection - Parsing relationship: /xl/worksheets/_rels/sheet1.xml.rels
2026-07-15 22:36:11 [main] DEBUG org.apache.poi.openxml4j.opc.PackageRelationshipCollection - Parsing relationship: /_rels/.rels
2026-07-15 22:36:11 [main] DEBUG org.apache.poi.ooxml.POIXMLFactory - using default POIXMLDocumentPart for http://schemas.openxmlformats.org/officeDocument/2006/relationships/printerSettings
2026-07-15 22:36:11 [main] DEBUG org.apache.poi.openxml4j.opc.PackageRelationshipCollection - Parsing relationship: /xl/_rels/workbook.xml.rels
2026-07-15 22:36:11 [main] DEBUG org.apache.poi.openxml4j.opc.PackageRelationshipCollection - Parsing relationship: /xl/worksheets/_rels/sheet1.xml.rels
2026-07-15 22:36:11 [main] DEBUG org.apache.poi.openxml4j.opc.PackageRelationshipCollection - Parsing relationship: /_rels/.rels
2026-07-15 22:36:11 [main] DEBUG org.apache.poi.ooxml.POIXMLFactory - using default POIXMLDocumentPart for http://schemas.openxmlformats.org/officeDocument/2006/relationships/printerSettings
2026-07-15 22:36:11 [main] DEBUG org.apache.poi.openxml4j.opc.PackageRelationshipCollection - Parsing relationship: /xl/_rels/workbook.xml.rels
2026-07-15 22:36:11 [main] DEBUG org.apache.poi.openxml4j.opc.PackageRelationshipCollection - Parsing relationship: /xl/worksheets/_rels/sheet1.xml.rels
2026-07-15 22:36:11 [main] DEBUG org.apache.poi.openxml4j.opc.PackageRelationshipCollection - Parsing relationship: /_rels/.rels
2026-07-15 22:36:11 [main] DEBUG org.apache.poi.ooxml.POIXMLFactory - using default POIXMLDocumentPart for http://schemas.openxmlformats.org/officeDocument/2006/relationships/printerSettings
2026-07-15 22:36:11 [main] DEBUG org.apache.poi.openxml4j.opc.PackageRelationshipCollection - Parsing relationship: /xl/_rels/workbook.xml.rels
2026-07-15 22:36:11 [main] DEBUG org.apache.poi.openxml4j.opc.PackageRelationshipCollection - Parsing relationship: /xl/worksheets/_rels/sheet1.xml.rels
2026-07-15 22:36:11 [main] DEBUG org.apache.poi.openxml4j.opc.PackageRelationshipCollection - Parsing relationship: /_rels/.rels
2026-07-15 22:36:11 [main] DEBUG org.apache.poi.ooxml.POIXMLFactory - using default POIXMLDocumentPart for http://schemas.openxmlformats.org/officeDocument/2006/relationships/printerSettings
2026-07-15 22:36:11 [main] INFO  testCases.TC003_LoginDataDrivenTest - ****Starting TC003_LoginDataDrivenTest******* 
2026-07-15 22:36:15 [main] INFO  testCases.TC003_LoginDataDrivenTest - ****Finished TC003_LoginDataDrivenTest******* 
2026-07-15 22:36:15 [main] INFO  testCases.TC003_LoginDataDrivenTest - ****Starting TC003_LoginDataDrivenTest******* 
2026-07-15 22:36:17 [main] INFO  testCases.TC003_LoginDataDrivenTest - ****Starting TC003_LoginDataDrivenTest******* 
2026-07-15 22:36:20 [main] INFO  testCases.TC003_LoginDataDrivenTest - ****Starting TC003_LoginDataDrivenTest******* 
2026-07-15 22:36:23 [main] INFO  testCases.TC003_LoginDataDrivenTest - ****Starting TC003_LoginDataDrivenTest******* 
2026-07-15 22:36:26 [main] INFO  testCases.TC003_LoginDataDrivenTest - ****Finished TC003_LoginDataDrivenTest******* 
2026-07-15 22:36:58 [main] DEBUG org.apache.poi.openxml4j.opc.PackageRelationshipCollection - Parsing relationship: /xl/_rels/workbook.xml.rels
2026-07-15 22:36:58 [main] DEBUG org.apache.poi.openxml4j.opc.PackageRelationshipCollection - Parsing relationship: /xl/worksheets/_rels/sheet1.xml.rels
2026-07-15 22:36:58 [main] DEBUG org.apache.poi.openxml4j.opc.PackageRelationshipCollection - Parsing relationship: /_rels/.rels
2026-07-15 22:37:00 [main] DEBUG org.apache.poi.ooxml.POIXMLFactory - using default POIXMLDocumentPart for http://schemas.openxmlformats.org/officeDocument/2006/relationships/printerSettings
2026-07-15 22:37:00 [main] DEBUG org.apache.poi.openxml4j.opc.PackageRelationshipCollection - Parsing relationship: /xl/_rels/workbook.xml.rels
2026-07-15 22:37:00 [main] DEBUG org.apache.poi.openxml4j.opc.PackageRelationshipCollection - Parsing relationship: /xl/worksheets/_rels/sheet1.xml.rels
2026-07-15 22:37:00 [main] DEBUG org.apache.poi.openxml4j.opc.PackageRelationshipCollection - Parsing relationship: /_rels/.rels
2026-07-15 22:37:00 [main] DEBUG org.apache.poi.ooxml.POIXMLFactory - using default POIXMLDocumentPart for http://schemas.openxmlformats.org/officeDocument/2006/relationships/printerSettings
2026-07-15 22:37:00 [main] DEBUG org.apache.poi.openxml4j.opc.PackageRelationshipCollection - Parsing relationship: /xl/_rels/workbook.xml.rels
2026-07-15 22:37:00 [main] DEBUG org.apache.poi.openxml4j.opc.PackageRelationshipCollection - Parsing relationship: /xl/worksheets/_rels/sheet1.xml.rels
2026-07-15 22:37:00 [main] DEBUG org.apache.poi.openxml4j.opc.PackageRelationshipCollection - Parsing relationship: /_rels/.rels
2026-07-15 22:37:00 [main] DEBUG org.apache.poi.ooxml.POIXMLFactory - using default POIXMLDocumentPart for http://schemas.openxmlformats.org/officeDocument/2006/relationships/printerSettings
2026-07-15 22:37:01 [main] DEBUG org.apache.poi.openxml4j.opc.PackageRelationshipCollection - Parsing relationship: /xl/_rels/workbook.xml.rels
2026-07-15 22:37:01 [main] DEBUG org.apache.poi.openxml4j.opc.PackageRelationshipCollection - Parsing relationship: /xl/worksheets/_rels/sheet1.xml.rels
2026-07-15 22:37:01 [main] DEBUG org.apache.poi.openxml4j.opc.PackageRelationshipCollection - Parsing relationship: /_rels/.rels
2026-07-15 22:37:01 [main] DEBUG org.apache.poi.ooxml.POIXMLFactory - using default POIXMLDocumentPart for http://schemas.openxmlformats.org/officeDocument/2006/relationships/printerSettings
2026-07-15 22:37:01 [main] DEBUG org.apache.poi.openxml4j.opc.PackageRelationshipCollection - Parsing relationship: /xl/_rels/workbook.xml.rels
2026-07-15 22:37:01 [main] DEBUG org.apache.poi.openxml4j.opc.PackageRelationshipCollection - Parsing relationship: /xl/worksheets/_rels/sheet1.xml.rels
2026-07-15 22:37:01 [main] DEBUG org.apache.poi.openxml4j.opc.PackageRelationshipCollection - Parsing relationship: /_rels/.rels
2026-07-15 22:37:01 [main] DEBUG org.apache.poi.ooxml.POIXMLFactory - using default POIXMLDocumentPart for http://schemas.openxmlformats.org/officeDocument/2006/relationships/printerSettings
2026-07-15 22:37:01 [main] DEBUG org.apache.poi.openxml4j.opc.PackageRelationshipCollection - Parsing relationship: /xl/_rels/workbook.xml.rels
2026-07-15 22:37:01 [main] DEBUG org.apache.poi.openxml4j.opc.PackageRelationshipCollection - Parsing relationship: /xl/worksheets/_rels/sheet1.xml.rels
2026-07-15 22:37:01 [main] DEBUG org.apache.poi.openxml4j.opc.PackageRelationshipCollection - Parsing relationship: /_rels/.rels
2026-07-15 22:37:01 [main] DEBUG org.apache.poi.ooxml.POIXMLFactory - using default POIXMLDocumentPart for http://schemas.openxmlformats.org/officeDocument/2006/relationships/printerSettings
2026-07-15 22:37:01 [main] DEBUG org.apache.poi.openxml4j.opc.PackageRelationshipCollection - Parsing relationship: /xl/_rels/workbook.xml.rels
2026-07-15 22:37:01 [main] DEBUG org.apache.poi.openxml4j.opc.PackageRelationshipCollection - Parsing relationship: /xl/worksheets/_rels/sheet1.xml.rels
2026-07-15 22:37:01 [main] DEBUG org.apache.poi.openxml4j.opc.PackageRelationshipCollection - Parsing relationship: /_rels/.rels
2026-07-15 22:37:01 [main] DEBUG org.apache.poi.ooxml.POIXMLFactory - using default POIXMLDocumentPart for http://schemas.openxmlformats.org/officeDocument/2006/relationships/printerSettings
2026-07-15 22:37:01 [main] DEBUG org.apache.poi.openxml4j.opc.PackageRelationshipCollection - Parsing relationship: /xl/_rels/workbook.xml.rels
2026-07-15 22:37:01 [main] DEBUG org.apache.poi.openxml4j.opc.PackageRelationshipCollection - Parsing relationship: /xl/worksheets/_rels/sheet1.xml.rels
2026-07-15 22:37:01 [main] DEBUG org.apache.poi.openxml4j.opc.PackageRelationshipCollection - Parsing relationship: /_rels/.rels
2026-07-15 22:37:01 [main] DEBUG org.apache.poi.ooxml.POIXMLFactory - using default POIXMLDocumentPart for http://schemas.openxmlformats.org/officeDocument/2006/relationships/printerSettings
2026-07-15 22:37:01 [main] DEBUG org.apache.poi.openxml4j.opc.PackageRelationshipCollection - Parsing relationship: /xl/_rels/workbook.xml.rels
2026-07-15 22:37:01 [main] DEBUG org.apache.poi.openxml4j.opc.PackageRelationshipCollection - Parsing relationship: /xl/worksheets/_rels/sheet1.xml.rels
2026-07-15 22:37:01 [main] DEBUG org.apache.poi.openxml4j.opc.PackageRelationshipCollection - Parsing relationship: /_rels/.rels
2026-07-15 22:37:01 [main] DEBUG org.apache.poi.ooxml.POIXMLFactory - using default POIXMLDocumentPart for http://schemas.openxmlformats.org/officeDocument/2006/relationships/printerSettings
2026-07-15 22:37:01 [main] DEBUG org.apache.poi.openxml4j.opc.PackageRelationshipCollection - Parsing relationship: /xl/_rels/workbook.xml.rels
2026-07-15 22:37:01 [main] DEBUG org.apache.poi.openxml4j.opc.PackageRelationshipCollection - Parsing relationship: /xl/worksheets/_rels/sheet1.xml.rels
2026-07-15 22:37:01 [main] DEBUG org.apache.poi.openxml4j.opc.PackageRelationshipCollection - Parsing relationship: /_rels/.rels
2026-07-15 22:37:01 [main] DEBUG org.apache.poi.ooxml.POIXMLFactory - using default POIXMLDocumentPart for http://schemas.openxmlformats.org/officeDocument/2006/relationships/printerSettings
2026-07-15 22:37:01 [main] DEBUG org.apache.poi.openxml4j.opc.PackageRelationshipCollection - Parsing relationship: /xl/_rels/workbook.xml.rels
2026-07-15 22:37:01 [main] DEBUG org.apache.poi.openxml4j.opc.PackageRelationshipCollection - Parsing relationship: /xl/worksheets/_rels/sheet1.xml.rels
2026-07-15 22:37:01 [main] DEBUG org.apache.poi.openxml4j.opc.PackageRelationshipCollection - Parsing relationship: /_rels/.rels
2026-07-15 22:37:01 [main] DEBUG org.apache.poi.ooxml.POIXMLFactory - using default POIXMLDocumentPart for http://schemas.openxmlformats.org/officeDocument/2006/relationships/printerSettings
2026-07-15 22:37:02 [main] DEBUG org.apache.poi.openxml4j.opc.PackageRelationshipCollection - Parsing relationship: /xl/_rels/workbook.xml.rels
2026-07-15 22:37:02 [main] DEBUG org.apache.poi.openxml4j.opc.PackageRelationshipCollection - Parsing relationship: /xl/worksheets/_rels/sheet1.xml.rels
2026-07-15 22:37:02 [main] DEBUG org.apache.poi.openxml4j.opc.PackageRelationshipCollection - Parsing relationship: /_rels/.rels
2026-07-15 22:37:02 [main] DEBUG org.apache.poi.ooxml.POIXMLFactory - using default POIXMLDocumentPart for http://schemas.openxmlformats.org/officeDocument/2006/relationships/printerSettings
2026-07-15 22:37:02 [main] DEBUG org.apache.poi.openxml4j.opc.PackageRelationshipCollection - Parsing relationship: /xl/_rels/workbook.xml.rels
2026-07-15 22:37:02 [main] DEBUG org.apache.poi.openxml4j.opc.PackageRelationshipCollection - Parsing relationship: /xl/worksheets/_rels/sheet1.xml.rels
2026-07-15 22:37:02 [main] DEBUG org.apache.poi.openxml4j.opc.PackageRelationshipCollection - Parsing relationship: /_rels/.rels
2026-07-15 22:37:02 [main] DEBUG org.apache.poi.ooxml.POIXMLFactory - using default POIXMLDocumentPart for http://schemas.openxmlformats.org/officeDocument/2006/relationships/printerSettings
2026-07-15 22:37:02 [main] DEBUG org.apache.poi.openxml4j.opc.PackageRelationshipCollection - Parsing relationship: /xl/_rels/workbook.xml.rels
2026-07-15 22:37:02 [main] DEBUG org.apache.poi.openxml4j.opc.PackageRelationshipCollection - Parsing relationship: /xl/worksheets/_rels/sheet1.xml.rels
2026-07-15 22:37:02 [main] DEBUG org.apache.poi.openxml4j.opc.PackageRelationshipCollection - Parsing relationship: /_rels/.rels
2026-07-15 22:37:02 [main] DEBUG org.apache.poi.ooxml.POIXMLFactory - using default POIXMLDocumentPart for http://schemas.openxmlformats.org/officeDocument/2006/relationships/printerSettings
2026-07-15 22:37:02 [main] DEBUG org.apache.poi.openxml4j.opc.PackageRelationshipCollection - Parsing relationship: /xl/_rels/workbook.xml.rels
2026-07-15 22:37:02 [main] DEBUG org.apache.poi.openxml4j.opc.PackageRelationshipCollection - Parsing relationship: /xl/worksheets/_rels/sheet1.xml.rels
2026-07-15 22:37:02 [main] DEBUG org.apache.poi.openxml4j.opc.PackageRelationshipCollection - Parsing relationship: /_rels/.rels
2026-07-15 22:37:02 [main] DEBUG org.apache.poi.ooxml.POIXMLFactory - using default POIXMLDocumentPart for http://schemas.openxmlformats.org/officeDocument/2006/relationships/printerSettings
2026-07-15 22:37:02 [main] DEBUG org.apache.poi.openxml4j.opc.PackageRelationshipCollection - Parsing relationship: /xl/_rels/workbook.xml.rels
2026-07-15 22:37:02 [main] DEBUG org.apache.poi.openxml4j.opc.PackageRelationshipCollection - Parsing relationship: /xl/worksheets/_rels/sheet1.xml.rels
2026-07-15 22:37:02 [main] DEBUG org.apache.poi.openxml4j.opc.PackageRelationshipCollection - Parsing relationship: /_rels/.rels
2026-07-15 22:37:02 [main] DEBUG org.apache.poi.ooxml.POIXMLFactory - using default POIXMLDocumentPart for http://schemas.openxmlformats.org/officeDocument/2006/relationships/printerSettings
2026-07-15 22:37:02 [main] DEBUG org.apache.poi.openxml4j.opc.PackageRelationshipCollection - Parsing relationship: /xl/_rels/workbook.xml.rels
2026-07-15 22:37:02 [main] DEBUG org.apache.poi.openxml4j.opc.PackageRelationshipCollection - Parsing relationship: /xl/worksheets/_rels/sheet1.xml.rels
2026-07-15 22:37:02 [main] DEBUG org.apache.poi.openxml4j.opc.PackageRelationshipCollection - Parsing relationship: /_rels/.rels
2026-07-15 22:37:02 [main] DEBUG org.apache.poi.ooxml.POIXMLFactory - using default POIXMLDocumentPart for http://schemas.openxmlformats.org/officeDocument/2006/relationships/printerSettings
2026-07-15 22:37:02 [main] INFO  testCases.TC003_LoginDataDrivenTest - ****Starting TC003_LoginDataDrivenTest******* 
2026-07-15 22:37:06 [main] INFO  testCases.TC003_LoginDataDrivenTest - ****Finished TC003_LoginDataDrivenTest******* 
2026-07-15 22:37:06 [main] INFO  testCases.TC003_LoginDataDrivenTest - ****Starting TC003_LoginDataDrivenTest******* 
2026-07-15 22:37:09 [main] INFO  testCases.TC003_LoginDataDrivenTest - ****Starting TC003_LoginDataDrivenTest******* 
2026-07-15 22:37:11 [main] INFO  testCases.TC003_LoginDataDrivenTest - ****Starting TC003_LoginDataDrivenTest******* 
2026-07-15 22:37:15 [main] INFO  testCases.TC003_LoginDataDrivenTest - ****Starting TC003_LoginDataDrivenTest******* 
2026-07-15 22:37:18 [main] INFO  testCases.TC003_LoginDataDrivenTest - ****Finished TC003_LoginDataDrivenTest******* 
2026-07-15 22:42:21 [main] DEBUG org.apache.poi.openxml4j.opc.PackageRelationshipCollection - Parsing relationship: /xl/_rels/workbook.xml.rels
2026-07-15 22:42:21 [main] DEBUG org.apache.poi.openxml4j.opc.PackageRelationshipCollection - Parsing relationship: /xl/worksheets/_rels/sheet1.xml.rels
2026-07-15 22:42:21 [main] DEBUG org.apache.poi.openxml4j.opc.PackageRelationshipCollection - Parsing relationship: /_rels/.rels
2026-07-15 22:42:22 [main] DEBUG org.apache.poi.ooxml.POIXMLFactory - using default POIXMLDocumentPart for http://schemas.openxmlformats.org/officeDocument/2006/relationships/printerSettings
2026-07-15 22:42:23 [main] DEBUG org.apache.poi.openxml4j.opc.PackageRelationshipCollection - Parsing relationship: /xl/_rels/workbook.xml.rels
2026-07-15 22:42:23 [main] DEBUG org.apache.poi.openxml4j.opc.PackageRelationshipCollection - Parsing relationship: /xl/worksheets/_rels/sheet1.xml.rels
2026-07-15 22:42:23 [main] DEBUG org.apache.poi.openxml4j.opc.PackageRelationshipCollection - Parsing relationship: /_rels/.rels
2026-07-15 22:42:23 [main] DEBUG org.apache.poi.ooxml.POIXMLFactory - using default POIXMLDocumentPart for http://schemas.openxmlformats.org/officeDocument/2006/relationships/printerSettings
2026-07-15 22:42:23 [main] DEBUG org.apache.poi.openxml4j.opc.PackageRelationshipCollection - Parsing relationship: /xl/_rels/workbook.xml.rels
2026-07-15 22:42:23 [main] DEBUG org.apache.poi.openxml4j.opc.PackageRelationshipCollection - Parsing relationship: /xl/worksheets/_rels/sheet1.xml.rels
2026-07-15 22:42:23 [main] DEBUG org.apache.poi.openxml4j.opc.PackageRelationshipCollection - Parsing relationship: /_rels/.rels
2026-07-15 22:42:23 [main] DEBUG org.apache.poi.ooxml.POIXMLFactory - using default POIXMLDocumentPart for http://schemas.openxmlformats.org/officeDocument/2006/relationships/printerSettings
2026-07-15 22:42:23 [main] DEBUG org.apache.poi.openxml4j.opc.PackageRelationshipCollection - Parsing relationship: /xl/_rels/workbook.xml.rels
2026-07-15 22:42:23 [main] DEBUG org.apache.poi.openxml4j.opc.PackageRelationshipCollection - Parsing relationship: /xl/worksheets/_rels/sheet1.xml.rels
2026-07-15 22:42:23 [main] DEBUG org.apache.poi.openxml4j.opc.PackageRelationshipCollection - Parsing relationship: /_rels/.rels
2026-07-15 22:42:23 [main] DEBUG org.apache.poi.ooxml.POIXMLFactory - using default POIXMLDocumentPart for http://schemas.openxmlformats.org/officeDocument/2006/relationships/printerSettings
2026-07-15 22:42:23 [main] DEBUG org.apache.poi.openxml4j.opc.PackageRelationshipCollection - Parsing relationship: /xl/_rels/workbook.xml.rels
2026-07-15 22:42:23 [main] DEBUG org.apache.poi.openxml4j.opc.PackageRelationshipCollection - Parsing relationship: /xl/worksheets/_rels/sheet1.xml.rels
2026-07-15 22:42:23 [main] DEBUG org.apache.poi.openxml4j.opc.PackageRelationshipCollection - Parsing relationship: /_rels/.rels
2026-07-15 22:42:23 [main] DEBUG org.apache.poi.ooxml.POIXMLFactory - using default POIXMLDocumentPart for http://schemas.openxmlformats.org/officeDocument/2006/relationships/printerSettings
2026-07-15 22:42:23 [main] DEBUG org.apache.poi.openxml4j.opc.PackageRelationshipCollection - Parsing relationship: /xl/_rels/workbook.xml.rels
2026-07-15 22:42:23 [main] DEBUG org.apache.poi.openxml4j.opc.PackageRelationshipCollection - Parsing relationship: /xl/worksheets/_rels/sheet1.xml.rels
2026-07-15 22:42:23 [main] DEBUG org.apache.poi.openxml4j.opc.PackageRelationshipCollection - Parsing relationship: /_rels/.rels
2026-07-15 22:42:23 [main] DEBUG org.apache.poi.ooxml.POIXMLFactory - using default POIXMLDocumentPart for http://schemas.openxmlformats.org/officeDocument/2006/relationships/printerSettings
2026-07-15 22:42:23 [main] DEBUG org.apache.poi.openxml4j.opc.PackageRelationshipCollection - Parsing relationship: /xl/_rels/workbook.xml.rels
2026-07-15 22:42:23 [main] DEBUG org.apache.poi.openxml4j.opc.PackageRelationshipCollection - Parsing relationship: /xl/worksheets/_rels/sheet1.xml.rels
2026-07-15 22:42:23 [main] DEBUG org.apache.poi.openxml4j.opc.PackageRelationshipCollection - Parsing relationship: /_rels/.rels
2026-07-15 22:42:23 [main] DEBUG org.apache.poi.ooxml.POIXMLFactory - using default POIXMLDocumentPart for http://schemas.openxmlformats.org/officeDocument/2006/relationships/printerSettings
2026-07-15 22:42:23 [main] DEBUG org.apache.poi.openxml4j.opc.PackageRelationshipCollection - Parsing relationship: /xl/_rels/workbook.xml.rels
2026-07-15 22:42:23 [main] DEBUG org.apache.poi.openxml4j.opc.PackageRelationshipCollection - Parsing relationship: /xl/worksheets/_rels/sheet1.xml.rels
2026-07-15 22:42:23 [main] DEBUG org.apache.poi.openxml4j.opc.PackageRelationshipCollection - Parsing relationship: /_rels/.rels
2026-07-15 22:42:23 [main] DEBUG org.apache.poi.ooxml.POIXMLFactory - using default POIXMLDocumentPart for http://schemas.openxmlformats.org/officeDocument/2006/relationships/printerSettings
2026-07-15 22:42:23 [main] DEBUG org.apache.poi.openxml4j.opc.PackageRelationshipCollection - Parsing relationship: /xl/_rels/workbook.xml.rels
2026-07-15 22:42:23 [main] DEBUG org.apache.poi.openxml4j.opc.PackageRelationshipCollection - Parsing relationship: /xl/worksheets/_rels/sheet1.xml.rels
2026-07-15 22:42:23 [main] DEBUG org.apache.poi.openxml4j.opc.PackageRelationshipCollection - Parsing relationship: /_rels/.rels
2026-07-15 22:42:23 [main] DEBUG org.apache.poi.ooxml.POIXMLFactory - using default POIXMLDocumentPart for http://schemas.openxmlformats.org/officeDocument/2006/relationships/printerSettings
2026-07-15 22:42:23 [main] DEBUG org.apache.poi.openxml4j.opc.PackageRelationshipCollection - Parsing relationship: /xl/_rels/workbook.xml.rels
2026-07-15 22:42:23 [main] DEBUG org.apache.poi.openxml4j.opc.PackageRelationshipCollection - Parsing relationship: /xl/worksheets/_rels/sheet1.xml.rels
2026-07-15 22:42:23 [main] DEBUG org.apache.poi.openxml4j.opc.PackageRelationshipCollection - Parsing relationship: /_rels/.rels
2026-07-15 22:42:24 [main] DEBUG org.apache.poi.ooxml.POIXMLFactory - using default POIXMLDocumentPart for http://schemas.openxmlformats.org/officeDocument/2006/relationships/printerSettings
2026-07-15 22:42:24 [main] DEBUG org.apache.poi.openxml4j.opc.PackageRelationshipCollection - Parsing relationship: /xl/_rels/workbook.xml.rels
2026-07-15 22:42:24 [main] DEBUG org.apache.poi.openxml4j.opc.PackageRelationshipCollection - Parsing relationship: /xl/worksheets/_rels/sheet1.xml.rels
2026-07-15 22:42:24 [main] DEBUG org.apache.poi.openxml4j.opc.PackageRelationshipCollection - Parsing relationship: /_rels/.rels
2026-07-15 22:42:24 [main] DEBUG org.apache.poi.ooxml.POIXMLFactory - using default POIXMLDocumentPart for http://schemas.openxmlformats.org/officeDocument/2006/relationships/printerSettings
2026-07-15 22:42:24 [main] DEBUG org.apache.poi.openxml4j.opc.PackageRelationshipCollection - Parsing relationship: /xl/_rels/workbook.xml.rels
2026-07-15 22:42:24 [main] DEBUG org.apache.poi.openxml4j.opc.PackageRelationshipCollection - Parsing relationship: /xl/worksheets/_rels/sheet1.xml.rels
2026-07-15 22:42:24 [main] DEBUG org.apache.poi.openxml4j.opc.PackageRelationshipCollection - Parsing relationship: /_rels/.rels
2026-07-15 22:42:24 [main] DEBUG org.apache.poi.ooxml.POIXMLFactory - using default POIXMLDocumentPart for http://schemas.openxmlformats.org/officeDocument/2006/relationships/printerSettings
2026-07-15 22:42:24 [main] DEBUG org.apache.poi.openxml4j.opc.PackageRelationshipCollection - Parsing relationship: /xl/_rels/workbook.xml.rels
2026-07-15 22:42:24 [main] DEBUG org.apache.poi.openxml4j.opc.PackageRelationshipCollection - Parsing relationship: /xl/worksheets/_rels/sheet1.xml.rels
2026-07-15 22:42:24 [main] DEBUG org.apache.poi.openxml4j.opc.PackageRelationshipCollection - Parsing relationship: /_rels/.rels
2026-07-15 22:42:24 [main] DEBUG org.apache.poi.ooxml.POIXMLFactory - using default POIXMLDocumentPart for http://schemas.openxmlformats.org/officeDocument/2006/relationships/printerSettings
2026-07-15 22:42:24 [main] DEBUG org.apache.poi.openxml4j.opc.PackageRelationshipCollection - Parsing relationship: /xl/_rels/workbook.xml.rels
2026-07-15 22:42:24 [main] DEBUG org.apache.poi.openxml4j.opc.PackageRelationshipCollection - Parsing relationship: /xl/worksheets/_rels/sheet1.xml.rels
2026-07-15 22:42:24 [main] DEBUG org.apache.poi.openxml4j.opc.PackageRelationshipCollection - Parsing relationship: /_rels/.rels
2026-07-15 22:42:24 [main] DEBUG org.apache.poi.ooxml.POIXMLFactory - using default POIXMLDocumentPart for http://schemas.openxmlformats.org/officeDocument/2006/relationships/printerSettings
2026-07-15 22:42:24 [main] DEBUG org.apache.poi.openxml4j.opc.PackageRelationshipCollection - Parsing relationship: /xl/_rels/workbook.xml.rels
2026-07-15 22:42:24 [main] DEBUG org.apache.poi.openxml4j.opc.PackageRelationshipCollection - Parsing relationship: /xl/worksheets/_rels/sheet1.xml.rels
2026-07-15 22:42:24 [main] DEBUG org.apache.poi.openxml4j.opc.PackageRelationshipCollection - Parsing relationship: /_rels/.rels
2026-07-15 22:42:24 [main] DEBUG org.apache.poi.ooxml.POIXMLFactory - using default POIXMLDocumentPart for http://schemas.openxmlformats.org/officeDocument/2006/relationships/printerSettings
2026-07-15 22:42:24 [main] DEBUG org.apache.poi.openxml4j.opc.PackageRelationshipCollection - Parsing relationship: /xl/_rels/workbook.xml.rels
2026-07-15 22:42:24 [main] DEBUG org.apache.poi.openxml4j.opc.PackageRelationshipCollection - Parsing relationship: /xl/worksheets/_rels/sheet1.xml.rels
2026-07-15 22:42:24 [main] DEBUG org.apache.poi.openxml4j.opc.PackageRelationshipCollection - Parsing relationship: /_rels/.rels
2026-07-15 22:42:24 [main] DEBUG org.apache.poi.ooxml.POIXMLFactory - using default POIXMLDocumentPart for http://schemas.openxmlformats.org/officeDocument/2006/relationships/printerSettings
2026-07-15 22:42:24 [main] DEBUG org.apache.poi.openxml4j.opc.PackageRelationshipCollection - Parsing relationship: /xl/_rels/workbook.xml.rels
2026-07-15 22:42:24 [main] DEBUG org.apache.poi.openxml4j.opc.PackageRelationshipCollection - Parsing relationship: /xl/worksheets/_rels/sheet1.xml.rels
2026-07-15 22:42:24 [main] DEBUG org.apache.poi.openxml4j.opc.PackageRelationshipCollection - Parsing relationship: /_rels/.rels
2026-07-15 22:42:24 [main] DEBUG org.apache.poi.ooxml.POIXMLFactory - using default POIXMLDocumentPart for http://schemas.openxmlformats.org/officeDocument/2006/relationships/printerSettings
2026-07-15 22:42:25 [main] INFO  testCases.TC003_LoginDataDrivenTest - ****Starting TC003_LoginDataDrivenTest******* 
2026-07-15 22:42:27 [main] INFO  testCases.TC003_LoginDataDrivenTest - ****Finished TC003_LoginDataDrivenTest******* 
2026-07-15 22:42:27 [main] INFO  testCases.TC003_LoginDataDrivenTest - ****Starting TC003_LoginDataDrivenTest******* 
2026-07-15 22:42:31 [main] INFO  testCases.TC003_LoginDataDrivenTest - ****Starting TC003_LoginDataDrivenTest******* 
2026-07-15 22:42:34 [main] INFO  testCases.TC003_LoginDataDrivenTest - ****Starting TC003_LoginDataDrivenTest******* 
2026-07-15 22:42:36 [main] INFO  testCases.TC003_LoginDataDrivenTest - ****Starting TC003_LoginDataDrivenTest******* 
2026-07-15 22:42:39 [main] INFO  testCases.TC003_LoginDataDrivenTest - ****Finished TC003_LoginDataDrivenTest******* 
2026-07-15 22:47:05 [main] DEBUG org.apache.poi.openxml4j.opc.PackageRelationshipCollection - Parsing relationship: /xl/_rels/workbook.xml.rels
2026-07-15 22:47:05 [main] DEBUG org.apache.poi.openxml4j.opc.PackageRelationshipCollection - Parsing relationship: /xl/worksheets/_rels/sheet1.xml.rels
2026-07-15 22:47:05 [main] DEBUG org.apache.poi.openxml4j.opc.PackageRelationshipCollection - Parsing relationship: /_rels/.rels
2026-07-15 22:47:06 [main] DEBUG org.apache.poi.ooxml.POIXMLFactory - using default POIXMLDocumentPart for http://schemas.openxmlformats.org/officeDocument/2006/relationships/printerSettings
2026-07-15 22:47:07 [main] DEBUG org.apache.poi.openxml4j.opc.PackageRelationshipCollection - Parsing relationship: /xl/_rels/workbook.xml.rels
2026-07-15 22:47:07 [main] DEBUG org.apache.poi.openxml4j.opc.PackageRelationshipCollection - Parsing relationship: /xl/worksheets/_rels/sheet1.xml.rels
2026-07-15 22:47:07 [main] DEBUG org.apache.poi.openxml4j.opc.PackageRelationshipCollection - Parsing relationship: /_rels/.rels
2026-07-15 22:47:07 [main] DEBUG org.apache.poi.ooxml.POIXMLFactory - using default POIXMLDocumentPart for http://schemas.openxmlformats.org/officeDocument/2006/relationships/printerSettings
2026-07-15 22:47:07 [main] DEBUG org.apache.poi.openxml4j.opc.PackageRelationshipCollection - Parsing relationship: /xl/_rels/workbook.xml.rels
2026-07-15 22:47:07 [main] DEBUG org.apache.poi.openxml4j.opc.PackageRelationshipCollection - Parsing relationship: /xl/worksheets/_rels/sheet1.xml.rels
