2026-07-22 22:23:55 [main] INFO  testCases.TC001_AccountRegistrationTest - ******* Starting TC001_AccountRegistrationTest *********
2026-07-22 22:23:56 [main] INFO  testCases.TC001_AccountRegistrationTest - Clicked on MyAccount link
2026-07-22 22:23:57 [main] INFO  testCases.TC001_AccountRegistrationTest - Clicked on register link
2026-07-22 22:23:57 [main] INFO  testCases.TC001_AccountRegistrationTest - Providing customer details....
2026-07-22 22:24:03 [main] INFO  testCases.TC001_AccountRegistrationTest - Validating expected message...
2026-07-22 22:24:03 [main] INFO  testCases.TC001_AccountRegistrationTest - ******* Finished TC001_AccountRegistrationTest *********
2026-07-22 22:24:10 [main] INFO  testCases.TC002_LoginTest - ***** Starting of TC002_LoginTest *****
2026-07-22 22:24:13 [main] INFO  testCases.TC002_LoginTest - ***** Finished TC002_LoginTest *****
2026-07-22 22:28:51 [main] INFO  testCases.TC001_AccountRegistrationTest - ******* Starting TC001_AccountRegistrationTest *********
2026-07-22 22:28:51 [main] INFO  testCases.TC001_AccountRegistrationTest - Clicked on MyAccount link
2026-07-22 22:28:52 [main] INFO  testCases.TC001_AccountRegistrationTest - Clicked on register link
2026-07-22 22:28:52 [main] INFO  testCases.TC001_AccountRegistrationTest - Providing customer details....
2026-07-22 22:28:57 [main] INFO  testCases.TC001_AccountRegistrationTest - Validating expected message...
2026-07-22 22:28:57 [main] INFO  testCases.TC001_AccountRegistrationTest - ******* Finished TC001_AccountRegistrationTest *********
2026-07-22 22:29:01 [main] INFO  testCases.TC002_LoginTest - ***** Starting of TC002_LoginTest *****
2026-07-22 22:29:05 [main] INFO  testCases.TC002_LoginTest - ***** Finished TC002_LoginTest *****
2026-07-22 22:38:15 [main] INFO  testCases.TC001_AccountRegistrationTest - ******* Starting TC001_AccountRegistrationTest *********
2026-07-22 22:38:15 [main] INFO  testCases.TC001_AccountRegistrationTest - Clicked on MyAccount link
2026-07-22 22:38:16 [main] INFO  testCases.TC001_AccountRegistrationTest - Clicked on register link
2026-07-22 22:38:16 [main] INFO  testCases.TC001_AccountRegistrationTest - Providing customer details....
2026-07-22 22:38:22 [main] INFO  testCases.TC001_AccountRegistrationTest - Validating expected message...
2026-07-22 22:38:22 [main] INFO  testCases.TC001_AccountRegistrationTest - ******* Finished TC001_AccountRegistrationTest *********
2026-07-22 22:38:25 [main] INFO  testCases.TC002_LoginTest - ***** Starting of TC002_LoginTest *****
2026-07-22 22:38:28 [main] INFO  testCases.TC002_LoginTest - ***** Finished TC002_LoginTest *****
2026-07-22 23:38:01 [main] INFO  testCases.TC001_AccountRegistrationTest - ******* Starting TC001_AccountRegistrationTest *********
2026-07-22 23:38:01 [main] INFO  testCases.TC001_AccountRegistrationTest - Clicked on MyAccount link
2026-07-22 23:38:03 [main] INFO  testCases.TC001_AccountRegistrationTest - Clicked on register link
2026-07-22 23:38:03 [main] INFO  testCases.TC001_AccountRegistrationTest - Providing customer details....
2026-07-22 23:38:08 [main] INFO  testCases.TC001_AccountRegistrationTest - Validating expected message...
2026-07-22 23:38:08 [main] INFO  testCases.TC001_AccountRegistrationTest - ******* Finished TC001_AccountRegistrationTest *********
2026-07-22 23:38:11 [main] INFO  testCases.TC002_LoginTest - ***** Starting of TC002_LoginTest *****
2026-07-22 23:38:14 [main] INFO  testCases.TC002_LoginTest - ***** Finished TC002_LoginTest *****
2026-07-22 23:38:34 [main] INFO  testCases.TC001_AccountRegistrationTest - ******* Starting TC001_AccountRegistrationTest *********
2026-07-22 23:38:35 [main] INFO  testCases.TC001_AccountRegistrationTest - Clicked on MyAccount link
2026-07-22 23:38:36 [main] INFO  testCases.TC001_AccountRegistrationTest - Clicked on register link
2026-07-22 23:38:36 [main] INFO  testCases.TC001_AccountRegistrationTest - Providing customer details....
2026-07-22 23:38:39 [main] INFO  testCases.TC001_AccountRegistrationTest - Validating expected message...
2026-07-22 23:38:40 [main] INFO  testCases.TC001_AccountRegistrationTest - ******* Finished TC001_AccountRegistrationTest *********
2026-07-22 23:38:44 [main] INFO  testCases.TC002_LoginTest - ***** Starting of TC002_LoginTest *****
2026-07-22 23:38:46 [main] INFO  testCases.TC002_LoginTest - ***** Finished TC002_LoginTest *****
2026-07-22 23:42:36 [main] INFO  testCases.TC001_AccountRegistrationTest - ******* Starting TC001_AccountRegistrationTest *********
2026-07-22 23:42:36 [main] INFO  testCases.TC001_AccountRegistrationTest - Clicked on MyAccount link
2026-07-22 23:42:37 [main] INFO  testCases.TC001_AccountRegistrationTest - Clicked on register link
2026-07-22 23:42:37 [main] INFO  testCases.TC001_AccountRegistrationTest - Providing customer details....
2026-07-22 23:42:42 [main] INFO  testCases.TC001_AccountRegistrationTest - Validating expected message...
2026-07-22 23:42:42 [main] INFO  testCases.TC001_AccountRegistrationTest - ******* Finished TC001_AccountRegistrationTest *********
2026-07-22 23:42:46 [main] INFO  testCases.TC002_LoginTest - ***** Starting of TC002_LoginTest *****
2026-07-22 23:42:48 [main] INFO  testCases.TC002_LoginTest - ***** Finished TC002_LoginTest *****
2026-07-24 20:46:18 [main] DEBUG org.testng.TestNG - suiteXmlPath: "C:\Users\murug\SeleniumWebdriver\Opencart_v1\grid-docker.xml"
2026-07-24 20:46:18 [main] INFO  org.testng.internal.Utils - [TestNG] Running:
  C:\Users\murug\SeleniumWebdriver\Opencart_v1\grid-docker.xml

2026-07-24 20:48:12 [main] DEBUG org.testng.TestNG - suiteXmlPath: "C:\Users\murug\SeleniumWebdriver\Opencart_v1\grid-docker.xml"
2026-07-24 20:48:12 [main] INFO  org.testng.internal.Utils - [TestNG] Running:
  C:\Users\murug\SeleniumWebdriver\Opencart_v1\grid-docker.xml

2026-07-24 20:48:18 [main] INFO  testCases.TC001_AccountRegistrationTest - ******* Starting TC001_AccountRegistrationTest *********
2026-07-24 20:48:18 [main] INFO  testCases.TC001_AccountRegistrationTest - Clicked on MyAccount link
2026-07-24 20:48:19 [main] INFO  testCases.TC001_AccountRegistrationTest - Clicked on register link
2026-07-24 20:48:19 [main] INFO  testCases.TC001_AccountRegistrationTest - Providing customer details....
2026-07-24 20:48:22 [main] INFO  testCases.TC001_AccountRegistrationTest - Validating expected message...
2026-07-24 20:48:23 [main] INFO  testCases.TC001_AccountRegistrationTest - ******* Finished TC001_AccountRegistrationTest *********
2026-07-24 20:48:25 [main] INFO  testCases.TC002_LoginTest - ***** Starting of TC002_LoginTest *****
2026-07-24 20:48:28 [main] INFO  testCases.TC002_LoginTest - ***** Finished TC002_LoginTest *****
2026-07-24 20:49:03 [main] DEBUG org.testng.TestNG - suiteXmlPath: "C:\Users\murug\SeleniumWebdriver\Opencart_v1\grid-docker.xml"
2026-07-24 20:49:04 [main] INFO  org.testng.internal.Utils - [TestNG] Running:
  C:\Users\murug\SeleniumWebdriver\Opencart_v1\grid-docker.xml

2026-07-24 20:49:08 [main] INFO  testCases.TC001_AccountRegistrationTest - ******* Starting TC001_AccountRegistrationTest *********
2026-07-24 20:49:08 [main] INFO  testCases.TC001_AccountRegistrationTest - Clicked on MyAccount link
2026-07-24 20:49:08 [main] INFO  testCases.TC001_AccountRegistrationTest - Clicked on register link
2026-07-24 20:49:08 [main] INFO  testCases.TC001_AccountRegistrationTest - Providing customer details....
2026-07-24 20:49:12 [main] INFO  testCases.TC001_AccountRegistrationTest - Validating expected message...
2026-07-24 20:49:12 [main] INFO  testCases.TC001_AccountRegistrationTest - ******* Finished TC001_AccountRegistrationTest *********
2026-07-24 20:49:15 [main] INFO  testCases.TC002_LoginTest - ***** Starting of TC002_LoginTest *****
2026-07-24 20:49:17 [main] INFO  testCases.TC002_LoginTest - ***** Finished TC002_LoginTest *****
2026-07-24 20:49:27 [main] INFO  testCases.TC001_AccountRegistrationTest - ******* Starting TC001_AccountRegistrationTest *********
2026-07-24 20:49:27 [main] INFO  testCases.TC001_AccountRegistrationTest - Clicked on MyAccount link
2026-07-24 20:49:28 [main] INFO  testCases.TC001_AccountRegistrationTest - Clicked on register link
2026-07-24 20:49:28 [main] INFO  testCases.TC001_AccountRegistrationTest - Providing customer details....
2026-07-24 20:49:31 [main] INFO  testCases.TC001_AccountRegistrationTest - Validating expected message...
2026-07-24 20:49:31 [main] INFO  testCases.TC001_AccountRegistrationTest - ******* Finished TC001_AccountRegistrationTest *********
2026-07-24 20:49:37 [main] INFO  testCases.TC002_LoginTest - ***** Starting of TC002_LoginTest *****
2026-07-24 20:49:39 [main] INFO  testCases.TC002_LoginTest - ***** Finished TC002_LoginTest *****
2026-07-24 20:51:36 [main] DEBUG org.testng.TestNG - suiteXmlPath: "C:\Users\murug\SeleniumWebdriver\Opencart_v1\grid-docker.xml"
2026-07-24 20:51:37 [main] INFO  org.testng.internal.Utils - [TestNG] Running:
  C:\Users\murug\SeleniumWebdriver\Opencart_v1\grid-docker.xml

2026-07-24 20:51:44 [main] INFO  testCases.TC001_AccountRegistrationTest - ******* Starting TC001_AccountRegistrationTest *********
2026-07-24 20:51:45 [main] INFO  testCases.TC001_AccountRegistrationTest - Clicked on MyAccount link
2026-07-24 20:51:46 [main] INFO  testCases.TC001_AccountRegistrationTest - Clicked on register link
2026-07-24 20:51:46 [main] INFO  testCases.TC001_AccountRegistrationTest - Providing customer details....
2026-07-24 20:51:49 [main] INFO  testCases.TC001_AccountRegistrationTest - Validating expected message...
2026-07-24 20:51:49 [main] INFO  testCases.TC001_AccountRegistrationTest - ******* Finished TC001_AccountRegistrationTest *********
2026-07-24 20:51:55 [main] INFO  testCases.TC002_LoginTest - ***** Starting of TC002_LoginTest *****
2026-07-24 20:51:58 [main] INFO  testCases.TC002_LoginTest - ***** Finished TC002_LoginTest *****
2026-07-24 20:52:25 [main] DEBUG org.testng.TestNG - suiteXmlPath: "C:\Users\murug\SeleniumWebdriver\Opencart_v1\grid-docker.xml"
2026-07-24 20:52:25 [main] INFO  org.testng.internal.Utils - [TestNG] Running:
  C:\Users\murug\SeleniumWebdriver\Opencart_v1\grid-docker.xml

2026-07-24 20:52:30 [main] INFO  testCases.TC001_AccountRegistrationTest - ******* Starting TC001_AccountRegistrationTest *********
2026-07-24 20:52:31 [main] INFO  testCases.TC001_AccountRegistrationTest - Clicked on MyAccount link
2026-07-24 20:52:31 [main] INFO  testCases.TC001_AccountRegistrationTest - Clicked on register link
2026-07-24 20:52:31 [main] INFO  testCases.TC001_AccountRegistrationTest - Providing customer details....
2026-07-24 20:52:35 [main] INFO  testCases.TC001_AccountRegistrationTest - Validating expected message...
2026-07-24 20:52:35 [main] INFO  testCases.TC001_AccountRegistrationTest - ******* Finished TC001_AccountRegistrationTest *********
2026-07-24 20:52:42 [main] INFO  testCases.TC002_LoginTest - ***** Starting of TC002_LoginTest *****
2026-07-24 20:52:44 [main] INFO  testCases.TC002_LoginTest - ***** Finished TC002_LoginTest *****
2026-07-24 20:55:15 [main] DEBUG org.testng.TestNG - suiteXmlPath: "C:\Users\murug\SeleniumWebdriver\Opencart_v1\grid-docker.xml"
2026-07-24 20:55:15 [main] INFO  org.testng.internal.Utils - [TestNG] Running:
  C:\Users\murug\SeleniumWebdriver\Opencart_v1\grid-docker.xml

2026-07-24 20:55:20 [main] INFO  testCases.TC001_AccountRegistrationTest - ******* Starting TC001_AccountRegistrationTest *********
2026-07-24 20:55:20 [main] INFO  testCases.TC001_AccountRegistrationTest - Clicked on MyAccount link
2026-07-24 20:55:21 [main] INFO  testCases.TC001_AccountRegistrationTest - Clicked on register link
2026-07-24 20:55:21 [main] INFO  testCases.TC001_AccountRegistrationTest - Providing customer details....
2026-07-24 20:55:24 [main] INFO  testCases.TC001_AccountRegistrationTest - Validating expected message...
2026-07-24 20:55:24 [main] INFO  testCases.TC001_AccountRegistrationTest - ******* Finished TC001_AccountRegistrationTest *********
2026-07-24 20:55:30 [main] INFO  testCases.TC002_LoginTest - ***** Starting of TC002_LoginTest *****
2026-07-24 20:55:33 [main] INFO  testCases.TC002_LoginTest - ***** Finished TC002_LoginTest *****
2026-07-28 21:09:45 [main] DEBUG org.testng.TestNG - suiteXmlPath: "C:\Users\murug\SeleniumWebdriver\Opencart_v1\master.xml"
2026-07-28 21:11:29 [main] DEBUG org.testng.TestNG - suiteXmlPath: "C:\Users\murug\SeleniumWebdriver\Opencart_v1\master.xml"
2026-07-28 21:16:01 [main] DEBUG org.testng.TestNG - suiteXmlPath: "C:\Users\murug\SeleniumWebdriver\Opencart_v1\master.xml"
2026-07-28 21:58:32 [main] DEBUG org.testng.TestNG - suiteXmlPath: "C:\Users\murug\SeleniumWebdriver\Opencart_v1\master.xml"
2026-07-28 22:11:01 [main] DEBUG org.testng.TestNG - suiteXmlPath: "C:\Users\murug\SeleniumWebdriver\Opencart_v1\master.xml"
2026-07-28 22:11:46 [main] DEBUG org.testng.TestNG - suiteXmlPath: "C:\Users\murug\SeleniumWebdriver\Opencart_v1\master.xml"
2026-07-28 22:33:45 [main] DEBUG org.testng.TestNG - suiteXmlPath: "C:\Users\murug\SeleniumWebdriver\Opencart_v1\master.xml"
2026-07-28 22:35:10 [main] DEBUG org.testng.TestNG - suiteXmlPath: "C:\Users\murug\SeleniumWebdriver\Opencart_v1\master.xml"
2026-07-29 09:31:11 [main] DEBUG org.testng.TestNG - suiteXmlPath: "C:\Users\murug\SeleniumWebdriver\Opencart_v1\grid-docker.xml"
2026-07-29 09:31:15 [main] INFO  testCases.TC001_AccountRegistrationTest - ******* Starting TC001_AccountRegistrationTest *********
2026-07-29 09:31:16 [main] INFO  testCases.TC001_AccountRegistrationTest - Clicked on MyAccount link
2026-07-29 09:31:16 [main] INFO  testCases.TC001_AccountRegistrationTest - Clicked on register link
2026-07-29 09:31:16 [main] INFO  testCases.TC001_AccountRegistrationTest - Providing customer details....
2026-07-29 09:31:20 [main] INFO  testCases.TC001_AccountRegistrationTest - Validating expected message...
2026-07-29 09:31:20 [main] INFO  testCases.TC001_AccountRegistrationTest - ******* Finished TC001_AccountRegistrationTest *********
2026-07-29 09:31:22 [main] INFO  testCases.TC002_LoginTest - ***** Starting of TC002_LoginTest *****
2026-07-29 09:31:24 [main] INFO  testCases.TC002_LoginTest - ***** Finished TC002_LoginTest *****
2026-07-29 09:31:26 [main] DEBUG org.apache.poi.openxml4j.opc.PackageRelationshipCollection - Parsing relationship: /xl/_rels/workbook.xml.rels
2026-07-29 09:31:26 [main] DEBUG org.apache.poi.openxml4j.opc.PackageRelationshipCollection - Parsing relationship: /xl/worksheets/_rels/sheet1.xml.rels
2026-07-29 09:31:26 [main] DEBUG org.apache.poi.openxml4j.opc.PackageRelationshipCollection - Parsing relationship: /_rels/.rels
2026-07-29 09:31:27 [main] DEBUG org.apache.poi.ooxml.POIXMLFactory - using default POIXMLDocumentPart for http://schemas.openxmlformats.org/officeDocument/2006/relationships/printerSettings
2026-07-29 09:31:27 [main] DEBUG org.apache.poi.openxml4j.opc.PackageRelationshipCollection - Parsing relationship: /xl/_rels/workbook.xml.rels
2026-07-29 09:31:27 [main] DEBUG org.apache.poi.openxml4j.opc.PackageRelationshipCollection - Parsing relationship: /xl/worksheets/_rels/sheet1.xml.rels
2026-07-29 09:31:27 [main] DEBUG org.apache.poi.openxml4j.opc.PackageRelationshipCollection - Parsing relationship: /_rels/.rels
2026-07-29 09:31:27 [main] DEBUG org.apache.poi.ooxml.POIXMLFactory - using default POIXMLDocumentPart for http://schemas.openxmlformats.org/officeDocument/2006/relationships/printerSettings
2026-07-29 09:31:27 [main] DEBUG org.apache.poi.openxml4j.opc.PackageRelationshipCollection - Parsing relationship: /xl/_rels/workbook.xml.rels
2026-07-29 09:31:27 [main] DEBUG org.apache.poi.openxml4j.opc.PackageRelationshipCollection - Parsing relationship: /xl/worksheets/_rels/sheet1.xml.rels
2026-07-29 09:31:27 [main] DEBUG org.apache.poi.openxml4j.opc.PackageRelationshipCollection - Parsing relationship: /_rels/.rels
2026-07-29 09:31:27 [main] DEBUG org.apache.poi.ooxml.POIXMLFactory - using default POIXMLDocumentPart for http://schemas.openxmlformats.org/officeDocument/2006/relationships/printerSettings
2026-07-29 09:31:27 [main] DEBUG org.apache.poi.openxml4j.opc.PackageRelationshipCollection - Parsing relationship: /xl/_rels/workbook.xml.rels
2026-07-29 09:31:27 [main] DEBUG org.apache.poi.openxml4j.opc.PackageRelationshipCollection - Parsing relationship: /xl/worksheets/_rels/sheet1.xml.rels
2026-07-29 09:31:27 [main] DEBUG org.apache.poi.openxml4j.opc.PackageRelationshipCollection - Parsing relationship: /_rels/.rels
2026-07-29 09:31:27 [main] DEBUG org.apache.poi.ooxml.POIXMLFactory - using default POIXMLDocumentPart for http://schemas.openxmlformats.org/officeDocument/2006/relationships/printerSettings
2026-07-29 09:31:27 [main] DEBUG org.apache.poi.openxml4j.opc.PackageRelationshipCollection - Parsing relationship: /xl/_rels/workbook.xml.rels
2026-07-29 09:31:27 [main] DEBUG org.apache.poi.openxml4j.opc.PackageRelationshipCollection - Parsing relationship: /xl/worksheets/_rels/sheet1.xml.rels
2026-07-29 09:31:27 [main] DEBUG org.apache.poi.openxml4j.opc.PackageRelationshipCollection - Parsing relationship: /_rels/.rels
2026-07-29 09:31:27 [main] DEBUG org.apache.poi.ooxml.POIXMLFactory - using default POIXMLDocumentPart for http://schemas.openxmlformats.org/officeDocument/2006/relationships/printerSettings
2026-07-29 09:31:27 [main] DEBUG org.apache.poi.openxml4j.opc.PackageRelationshipCollection - Parsing relationship: /xl/_rels/workbook.xml.rels
2026-07-29 09:31:27 [main] DEBUG org.apache.poi.openxml4j.opc.PackageRelationshipCollection - Parsing relationship: /xl/worksheets/_rels/sheet1.xml.rels
2026-07-29 09:31:27 [main] DEBUG org.apache.poi.openxml4j.opc.PackageRelationshipCollection - Parsing relationship: /_rels/.rels
2026-07-29 09:31:27 [main] DEBUG org.apache.poi.ooxml.POIXMLFactory - using default POIXMLDocumentPart for http://schemas.openxmlformats.org/officeDocument/2006/relationships/printerSettings
2026-07-29 09:31:27 [main] DEBUG org.apache.poi.openxml4j.opc.PackageRelationshipCollection - Parsing relationship: /xl/_rels/workbook.xml.rels
2026-07-29 09:31:27 [main] DEBUG org.apache.poi.openxml4j.opc.PackageRelationshipCollection - Parsing relationship: /xl/worksheets/_rels/sheet1.xml.rels
2026-07-29 09:31:27 [main] DEBUG org.apache.poi.openxml4j.opc.PackageRelationshipCollection - Parsing relationship: /_rels/.rels
2026-07-29 09:31:27 [main] DEBUG org.apache.poi.ooxml.POIXMLFactory - using default POIXMLDocumentPart for http://schemas.openxmlformats.org/officeDocument/2006/relationships/printerSettings
2026-07-29 09:31:27 [main] DEBUG org.apache.poi.openxml4j.opc.PackageRelationshipCollection - Parsing relationship: /xl/_rels/workbook.xml.rels
2026-07-29 09:31:27 [main] DEBUG org.apache.poi.openxml4j.opc.PackageRelationshipCollection - Parsing relationship: /xl/worksheets/_rels/sheet1.xml.rels
2026-07-29 09:31:27 [main] DEBUG org.apache.poi.openxml4j.opc.PackageRelationshipCollection - Parsing relationship: /_rels/.rels
2026-07-29 09:31:27 [main] DEBUG org.apache.poi.ooxml.POIXMLFactory - using default POIXMLDocumentPart for http://schemas.openxmlformats.org/officeDocument/2006/relationships/printerSettings
2026-07-29 09:31:27 [main] DEBUG org.apache.poi.openxml4j.opc.PackageRelationshipCollection - Parsing relationship: /xl/_rels/workbook.xml.rels
2026-07-29 09:31:27 [main] DEBUG org.apache.poi.openxml4j.opc.PackageRelationshipCollection - Parsing relationship: /xl/worksheets/_rels/sheet1.xml.rels
2026-07-29 09:31:27 [main] DEBUG org.apache.poi.openxml4j.opc.PackageRelationshipCollection - Parsing relationship: /_rels/.rels
2026-07-29 09:31:27 [main] DEBUG org.apache.poi.ooxml.POIXMLFactory - using default POIXMLDocumentPart for http://schemas.openxmlformats.org/officeDocument/2006/relationships/printerSettings
2026-07-29 09:31:27 [main] DEBUG org.apache.poi.openxml4j.opc.PackageRelationshipCollection - Parsing relationship: /xl/_rels/workbook.xml.rels
2026-07-29 09:31:27 [main] DEBUG org.apache.poi.openxml4j.opc.PackageRelationshipCollection - Parsing relationship: /xl/worksheets/_rels/sheet1.xml.rels
2026-07-29 09:31:27 [main] DEBUG org.apache.poi.openxml4j.opc.PackageRelationshipCollection - Parsing relationship: /_rels/.rels
2026-07-29 09:31:27 [main] DEBUG org.apache.poi.ooxml.POIXMLFactory - using default POIXMLDocumentPart for http://schemas.openxmlformats.org/officeDocument/2006/relationships/printerSettings
2026-07-29 09:31:27 [main] DEBUG org.apache.poi.openxml4j.opc.PackageRelationshipCollection - Parsing relationship: /xl/_rels/workbook.xml.rels
2026-07-29 09:31:27 [main] DEBUG org.apache.poi.openxml4j.opc.PackageRelationshipCollection - Parsing relationship: /xl/worksheets/_rels/sheet1.xml.rels
2026-07-29 09:31:27 [main] DEBUG org.apache.poi.openxml4j.opc.PackageRelationshipCollection - Parsing relationship: /_rels/.rels
2026-07-29 09:31:27 [main] DEBUG org.apache.poi.ooxml.POIXMLFactory - using default POIXMLDocumentPart for http://schemas.openxmlformats.org/officeDocument/2006/relationships/printerSettings
2026-07-29 09:31:27 [main] DEBUG org.apache.poi.openxml4j.opc.PackageRelationshipCollection - Parsing relationship: /xl/_rels/workbook.xml.rels
2026-07-29 09:31:27 [main] DEBUG org.apache.poi.openxml4j.opc.PackageRelationshipCollection - Parsing relationship: /xl/worksheets/_rels/sheet1.xml.rels
2026-07-29 09:31:27 [main] DEBUG org.apache.poi.openxml4j.opc.PackageRelationshipCollection - Parsing relationship: /_rels/.rels
2026-07-29 09:31:27 [main] DEBUG org.apache.poi.ooxml.POIXMLFactory - using default POIXMLDocumentPart for http://schemas.openxmlformats.org/officeDocument/2006/relationships/printerSettings
2026-07-29 09:31:27 [main] DEBUG org.apache.poi.openxml4j.opc.PackageRelationshipCollection - Parsing relationship: /xl/_rels/workbook.xml.rels
2026-07-29 09:31:27 [main] DEBUG org.apache.poi.openxml4j.opc.PackageRelationshipCollection - Parsing relationship: /xl/worksheets/_rels/sheet1.xml.rels
2026-07-29 09:31:27 [main] DEBUG org.apache.poi.openxml4j.opc.PackageRelationshipCollection - Parsing relationship: /_rels/.rels
2026-07-29 09:31:27 [main] DEBUG org.apache.poi.ooxml.POIXMLFactory - using default POIXMLDocumentPart for http://schemas.openxmlformats.org/officeDocument/2006/relationships/printerSettings
2026-07-29 09:31:27 [main] DEBUG org.apache.poi.openxml4j.opc.PackageRelationshipCollection - Parsing relationship: /xl/_rels/workbook.xml.rels
2026-07-29 09:31:27 [main] DEBUG org.apache.poi.openxml4j.opc.PackageRelationshipCollection - Parsing relationship: /xl/worksheets/_rels/sheet1.xml.rels
2026-07-29 09:31:27 [main] DEBUG org.apache.poi.openxml4j.opc.PackageRelationshipCollection - Parsing relationship: /_rels/.rels
2026-07-29 09:31:27 [main] DEBUG org.apache.poi.ooxml.POIXMLFactory - using default POIXMLDocumentPart for http://schemas.openxmlformats.org/officeDocument/2006/relationships/printerSettings
2026-07-29 09:31:27 [main] DEBUG org.apache.poi.openxml4j.opc.PackageRelationshipCollection - Parsing relationship: /xl/_rels/workbook.xml.rels
2026-07-29 09:31:27 [main] DEBUG org.apache.poi.openxml4j.opc.PackageRelationshipCollection - Parsing relationship: /xl/worksheets/_rels/sheet1.xml.rels
2026-07-29 09:31:27 [main] DEBUG org.apache.poi.openxml4j.opc.PackageRelationshipCollection - Parsing relationship: /_rels/.rels
2026-07-29 09:31:27 [main] DEBUG org.apache.poi.ooxml.POIXMLFactory - using default POIXMLDocumentPart for http://schemas.openxmlformats.org/officeDocument/2006/relationships/printerSettings
2026-07-29 09:31:28 [main] DEBUG org.apache.poi.openxml4j.opc.PackageRelationshipCollection - Parsing relationship: /xl/_rels/workbook.xml.rels
2026-07-29 09:31:28 [main] DEBUG org.apache.poi.openxml4j.opc.PackageRelationshipCollection - Parsing relationship: /xl/worksheets/_rels/sheet1.xml.rels
2026-07-29 09:31:28 [main] DEBUG org.apache.poi.openxml4j.opc.PackageRelationshipCollection - Parsing relationship: /_rels/.rels
2026-07-29 09:31:28 [main] DEBUG org.apache.poi.ooxml.POIXMLFactory - using default POIXMLDocumentPart for http://schemas.openxmlformats.org/officeDocument/2006/relationships/printerSettings
2026-07-29 09:31:28 [main] DEBUG org.apache.poi.openxml4j.opc.PackageRelationshipCollection - Parsing relationship: /xl/_rels/workbook.xml.rels
2026-07-29 09:31:28 [main] DEBUG org.apache.poi.openxml4j.opc.PackageRelationshipCollection - Parsing relationship: /xl/worksheets/_rels/sheet1.xml.rels
2026-07-29 09:31:28 [main] DEBUG org.apache.poi.openxml4j.opc.PackageRelationshipCollection - Parsing relationship: /_rels/.rels
2026-07-29 09:31:28 [main] DEBUG org.apache.poi.ooxml.POIXMLFactory - using default POIXMLDocumentPart for http://schemas.openxmlformats.org/officeDocument/2006/relationships/printerSettings
2026-07-29 09:31:28 [main] INFO  testCases.TC003_LoginDataDrivenTest - ****Starting TC003_LoginDataDrivenTest******* 
2026-07-29 09:31:30 [main] INFO  testCases.TC003_LoginDataDrivenTest - ****Finished TC003_LoginDataDrivenTest******* 
2026-07-29 09:31:30 [main] INFO  testCases.TC003_LoginDataDrivenTest - ****Starting TC003_LoginDataDrivenTest******* 
2026-07-29 09:31:42 [main] INFO  testCases.TC003_LoginDataDrivenTest - ****Finished TC003_LoginDataDrivenTest******* 
2026-07-29 09:31:42 [main] INFO  testCases.TC003_LoginDataDrivenTest - ****Starting TC003_LoginDataDrivenTest******* 
2026-07-29 09:31:54 [main] INFO  testCases.TC003_LoginDataDrivenTest - ****Finished TC003_LoginDataDrivenTest******* 
2026-07-29 09:31:54 [main] INFO  testCases.TC003_LoginDataDrivenTest - ****Starting TC003_LoginDataDrivenTest******* 
2026-07-29 09:32:05 [main] INFO  testCases.TC003_LoginDataDrivenTest - ****Finished TC003_LoginDataDrivenTest******* 
2026-07-29 09:32:05 [main] INFO  testCases.TC003_LoginDataDrivenTest - ****Starting TC003_LoginDataDrivenTest******* 
2026-07-29 09:32:08 [main] INFO  testCases.TC003_LoginDataDrivenTest - ****Finished TC003_LoginDataDrivenTest******* 
2026-07-29 21:42:53 [main] DEBUG org.testng.TestNG - suiteXmlPath: "C:\Users\murug\SeleniumWebdriver\Opencart_v1\grid-docker.xml"
2026-07-29 21:42:59 [main] INFO  testCases.TC001_AccountRegistrationTest - ******* Starting TC001_AccountRegistrationTest *********
2026-07-29 21:42:59 [main] INFO  testCases.TC001_AccountRegistrationTest - Clicked on MyAccount link
2026-07-29 21:43:00 [main] INFO  testCases.TC001_AccountRegistrationTest - Clicked on register link
2026-07-29 21:43:00 [main] INFO  testCases.TC001_AccountRegistrationTest - Providing customer details....
2026-07-29 21:43:05 [main] INFO  testCases.TC001_AccountRegistrationTest - Validating expected message...
2026-07-29 21:43:05 [main] INFO  testCases.TC001_AccountRegistrationTest - ******* Finished TC001_AccountRegistrationTest *********
2026-07-29 21:43:07 [main] INFO  testCases.TC002_LoginTest - ***** Starting of TC002_LoginTest *****
2026-07-29 21:43:10 [main] INFO  testCases.TC002_LoginTest - ***** Finished TC002_LoginTest *****
2026-07-29 21:43:12 [main] DEBUG org.apache.poi.openxml4j.opc.PackageRelationshipCollection - Parsing relationship: /xl/_rels/workbook.xml.rels
2026-07-29 21:43:12 [main] DEBUG org.apache.poi.openxml4j.opc.PackageRelationshipCollection - Parsing relationship: /xl/worksheets/_rels/sheet1.xml.rels
2026-07-29 21:43:12 [main] DEBUG org.apache.poi.openxml4j.opc.PackageRelationshipCollection - Parsing relationship: /_rels/.rels
2026-07-29 21:43:14 [main] DEBUG org.apache.poi.ooxml.POIXMLFactory - using default POIXMLDocumentPart for http://schemas.openxmlformats.org/officeDocument/2006/relationships/printerSettings
2026-07-29 21:43:14 [main] DEBUG org.apache.poi.openxml4j.opc.PackageRelationshipCollection - Parsing relationship: /xl/_rels/workbook.xml.rels
2026-07-29 21:43:14 [main] DEBUG org.apache.poi.openxml4j.opc.PackageRelationshipCollection - Parsing relationship: /xl/worksheets/_rels/sheet1.xml.rels
2026-07-29 21:43:14 [main] DEBUG org.apache.poi.openxml4j.opc.PackageRelationshipCollection - Parsing relationship: /_rels/.rels
2026-07-29 21:43:14 [main] DEBUG org.apache.poi.ooxml.POIXMLFactory - using default POIXMLDocumentPart for http://schemas.openxmlformats.org/officeDocument/2006/relationships/printerSettings
2026-07-29 21:43:14 [main] DEBUG org.apache.poi.openxml4j.opc.PackageRelationshipCollection - Parsing relationship: /xl/_rels/workbook.xml.rels
2026-07-29 21:43:14 [main] DEBUG org.apache.poi.openxml4j.opc.PackageRelationshipCollection - Parsing relationship: /xl/worksheets/_rels/sheet1.xml.rels
2026-07-29 21:43:14 [main] DEBUG org.apache.poi.openxml4j.opc.PackageRelationshipCollection - Parsing relationship: /_rels/.rels
2026-07-29 21:43:14 [main] DEBUG org.apache.poi.ooxml.POIXMLFactory - using default POIXMLDocumentPart for http://schemas.openxmlformats.org/officeDocument/2006/relationships/printerSettings
2026-07-29 21:43:14 [main] DEBUG org.apache.poi.openxml4j.opc.PackageRelationshipCollection - Parsing relationship: /xl/_rels/workbook.xml.rels
2026-07-29 21:43:14 [main] DEBUG org.apache.poi.openxml4j.opc.PackageRelationshipCollection - Parsing relationship: /xl/worksheets/_rels/sheet1.xml.rels
2026-07-29 21:43:14 [main] DEBUG org.apache.poi.openxml4j.opc.PackageRelationshipCollection - Parsing relationship: /_rels/.rels
2026-07-29 21:43:14 [main] DEBUG org.apache.poi.ooxml.POIXMLFactory - using default POIXMLDocumentPart for http://schemas.openxmlformats.org/officeDocument/2006/relationships/printerSettings
2026-07-29 21:43:14 [main] DEBUG org.apache.poi.openxml4j.opc.PackageRelationshipCollection - Parsing relationship: /xl/_rels/workbook.xml.rels
2026-07-29 21:43:14 [main] DEBUG org.apache.poi.openxml4j.opc.PackageRelationshipCollection - Parsing relationship: /xl/worksheets/_rels/sheet1.xml.rels
2026-07-29 21:43:14 [main] DEBUG org.apache.poi.openxml4j.opc.PackageRelationshipCollection - Parsing relationship: /_rels/.rels
2026-07-29 21:43:15 [main] DEBUG org.apache.poi.ooxml.POIXMLFactory - using default POIXMLDocumentPart for http://schemas.openxmlformats.org/officeDocument/2006/relationships/printerSettings
2026-07-29 21:43:15 [main] DEBUG org.apache.poi.openxml4j.opc.PackageRelationshipCollection - Parsing relationship: /xl/_rels/workbook.xml.rels
2026-07-29 21:43:15 [main] DEBUG org.apache.poi.openxml4j.opc.PackageRelationshipCollection - Parsing relationship: /xl/worksheets/_rels/sheet1.xml.rels
2026-07-29 21:43:15 [main] DEBUG org.apache.poi.openxml4j.opc.PackageRelationshipCollection - Parsing relationship: /_rels/.rels
2026-07-29 21:43:15 [main] DEBUG org.apache.poi.ooxml.POIXMLFactory - using default POIXMLDocumentPart for http://schemas.openxmlformats.org/officeDocument/2006/relationships/printerSettings
2026-07-29 21:43:15 [main] DEBUG org.apache.poi.openxml4j.opc.PackageRelationshipCollection - Parsing relationship: /xl/_rels/workbook.xml.rels
2026-07-29 21:43:15 [main] DEBUG org.apache.poi.openxml4j.opc.PackageRelationshipCollection - Parsing relationship: /xl/worksheets/_rels/sheet1.xml.rels
2026-07-29 21:43:15 [main] DEBUG org.apache.poi.openxml4j.opc.PackageRelationshipCollection - Parsing relationship: /_rels/.rels
2026-07-29 21:43:15 [main] DEBUG org.apache.poi.ooxml.POIXMLFactory - using default POIXMLDocumentPart for http://schemas.openxmlformats.org/officeDocument/2006/relationships/printerSettings
2026-07-29 21:43:15 [main] DEBUG org.apache.poi.openxml4j.opc.PackageRelationshipCollection - Parsing relationship: /xl/_rels/workbook.xml.rels
2026-07-29 21:43:15 [main] DEBUG org.apache.poi.openxml4j.opc.PackageRelationshipCollection - Parsing relationship: /xl/worksheets/_rels/sheet1.xml.rels
2026-07-29 21:43:15 [main] DEBUG org.apache.poi.openxml4j.opc.PackageRelationshipCollection - Parsing relationship: /_rels/.rels
2026-07-29 21:43:15 [main] DEBUG org.apache.poi.ooxml.POIXMLFactory - using default POIXMLDocumentPart for http://schemas.openxmlformats.org/officeDocument/2006/relationships/printerSettings
2026-07-29 21:43:15 [main] DEBUG org.apache.poi.openxml4j.opc.PackageRelationshipCollection - Parsing relationship: /xl/_rels/workbook.xml.rels
2026-07-29 21:43:15 [main] DEBUG org.apache.poi.openxml4j.opc.PackageRelationshipCollection - Parsing relationship: /xl/worksheets/_rels/sheet1.xml.rels
2026-07-29 21:43:15 [main] DEBUG org.apache.poi.openxml4j.opc.PackageRelationshipCollection - Parsing relationship: /_rels/.rels
2026-07-29 21:43:15 [main] DEBUG org.apache.poi.ooxml.POIXMLFactory - using default POIXMLDocumentPart for http://schemas.openxmlformats.org/officeDocument/2006/relationships/printerSettings
2026-07-29 21:43:15 [main] DEBUG org.apache.poi.openxml4j.opc.PackageRelationshipCollection - Parsing relationship: /xl/_rels/workbook.xml.rels
2026-07-29 21:43:15 [main] DEBUG org.apache.poi.openxml4j.opc.PackageRelationshipCollection - Parsing relationship: /xl/worksheets/_rels/sheet1.xml.rels
2026-07-29 21:43:15 [main] DEBUG org.apache.poi.openxml4j.opc.PackageRelationshipCollection - Parsing relationship: /_rels/.rels
2026-07-29 21:43:15 [main] DEBUG org.apache.poi.ooxml.POIXMLFactory - using default POIXMLDocumentPart for http://schemas.openxmlformats.org/officeDocument/2006/relationships/printerSettings
2026-07-29 21:43:15 [main] DEBUG org.apache.poi.openxml4j.opc.PackageRelationshipCollection - Parsing relationship: /xl/_rels/workbook.xml.rels
2026-07-29 21:43:15 [main] DEBUG org.apache.poi.openxml4j.opc.PackageRelationshipCollection - Parsing relationship: /xl/worksheets/_rels/sheet1.xml.rels
2026-07-29 21:43:15 [main] DEBUG org.apache.poi.openxml4j.opc.PackageRelationshipCollection - Parsing relationship: /_rels/.rels
2026-07-29 21:43:15 [main] DEBUG org.apache.poi.ooxml.POIXMLFactory - using default POIXMLDocumentPart for http://schemas.openxmlformats.org/officeDocument/2006/relationships/printerSettings
2026-07-29 21:43:15 [main] DEBUG org.apache.poi.openxml4j.opc.PackageRelationshipCollection - Parsing relationship: /xl/_rels/workbook.xml.rels
2026-07-29 21:43:15 [main] DEBUG org.apache.poi.openxml4j.opc.PackageRelationshipCollection - Parsing relationship: /xl/worksheets/_rels/sheet1.xml.rels
2026-07-29 21:43:15 [main] DEBUG org.apache.poi.openxml4j.opc.PackageRelationshipCollection - Parsing relationship: /_rels/.rels
2026-07-29 21:43:15 [main] DEBUG org.apache.poi.ooxml.POIXMLFactory - using default POIXMLDocumentPart for http://schemas.openxmlformats.org/officeDocument/2006/relationships/printerSettings
2026-07-29 21:43:16 [main] DEBUG org.apache.poi.openxml4j.opc.PackageRelationshipCollection - Parsing relationship: /xl/_rels/workbook.xml.rels
2026-07-29 21:43:16 [main] DEBUG org.apache.poi.openxml4j.opc.PackageRelationshipCollection - Parsing relationship: /xl/worksheets/_rels/sheet1.xml.rels
2026-07-29 21:43:16 [main] DEBUG org.apache.poi.openxml4j.opc.PackageRelationshipCollection - Parsing relationship: /_rels/.rels
2026-07-29 21:43:16 [main] DEBUG org.apache.poi.ooxml.POIXMLFactory - using default POIXMLDocumentPart for http://schemas.openxmlformats.org/officeDocument/2006/relationships/printerSettings
2026-07-29 21:43:16 [main] DEBUG org.apache.poi.openxml4j.opc.PackageRelationshipCollection - Parsing relationship: /xl/_rels/workbook.xml.rels
2026-07-29 21:43:16 [main] DEBUG org.apache.poi.openxml4j.opc.PackageRelationshipCollection - Parsing relationship: /xl/worksheets/_rels/sheet1.xml.rels
2026-07-29 21:43:16 [main] DEBUG org.apache.poi.openxml4j.opc.PackageRelationshipCollection - Parsing relationship: /_rels/.rels
2026-07-29 21:43:16 [main] DEBUG org.apache.poi.ooxml.POIXMLFactory - using default POIXMLDocumentPart for http://schemas.openxmlformats.org/officeDocument/2006/relationships/printerSettings
2026-07-29 21:43:16 [main] DEBUG org.apache.poi.openxml4j.opc.PackageRelationshipCollection - Parsing relationship: /xl/_rels/workbook.xml.rels
2026-07-29 21:43:16 [main] DEBUG org.apache.poi.openxml4j.opc.PackageRelationshipCollection - Parsing relationship: /xl/worksheets/_rels/sheet1.xml.rels
2026-07-29 21:43:16 [main] DEBUG org.apache.poi.openxml4j.opc.PackageRelationshipCollection - Parsing relationship: /_rels/.rels
2026-07-29 21:43:16 [main] DEBUG org.apache.poi.ooxml.POIXMLFactory - using default POIXMLDocumentPart for http://schemas.openxmlformats.org/officeDocument/2006/relationships/printerSettings
2026-07-29 21:43:16 [main] DEBUG org.apache.poi.openxml4j.opc.PackageRelationshipCollection - Parsing relationship: /xl/_rels/workbook.xml.rels
2026-07-29 21:43:16 [main] DEBUG org.apache.poi.openxml4j.opc.PackageRelationshipCollection - Parsing relationship: /xl/worksheets/_rels/sheet1.xml.rels
2026-07-29 21:43:16 [main] DEBUG org.apache.poi.openxml4j.opc.PackageRelationshipCollection - Parsing relationship: /_rels/.rels
2026-07-29 21:43:16 [main] DEBUG org.apache.poi.ooxml.POIXMLFactory - using default POIXMLDocumentPart for http://schemas.openxmlformats.org/officeDocument/2006/relationships/printerSettings
2026-07-29 21:43:17 [main] DEBUG org.apache.poi.openxml4j.opc.PackageRelationshipCollection - Parsing relationship: /xl/_rels/workbook.xml.rels
2026-07-29 21:43:17 [main] DEBUG org.apache.poi.openxml4j.opc.PackageRelationshipCollection - Parsing relationship: /xl/worksheets/_rels/sheet1.xml.rels
2026-07-29 21:43:17 [main] DEBUG org.apache.poi.openxml4j.opc.PackageRelationshipCollection - Parsing relationship: /_rels/.rels
2026-07-29 21:43:17 [main] DEBUG org.apache.poi.ooxml.POIXMLFactory - using default POIXMLDocumentPart for http://schemas.openxmlformats.org/officeDocument/2006/relationships/printerSettings
2026-07-29 21:43:17 [main] INFO  testCases.TC003_LoginDataDrivenTest - ****Starting TC003_LoginDataDrivenTest******* 
2026-07-29 21:43:20 [main] INFO  testCases.TC003_LoginDataDrivenTest - ****Finished TC003_LoginDataDrivenTest******* 
2026-07-29 21:43:20 [main] INFO  testCases.TC003_LoginDataDrivenTest - ****Starting TC003_LoginDataDrivenTest******* 
2026-07-29 21:43:32 [main] INFO  testCases.TC003_LoginDataDrivenTest - ****Finished TC003_LoginDataDrivenTest******* 
2026-07-29 21:43:32 [main] INFO  testCases.TC003_LoginDataDrivenTest - ****Starting TC003_LoginDataDrivenTest******* 
2026-07-29 21:43:45 [main] INFO  testCases.TC003_LoginDataDrivenTest - ****Finished TC003_LoginDataDrivenTest******* 
2026-07-29 21:43:45 [main] INFO  testCases.TC003_LoginDataDrivenTest - ****Starting TC003_LoginDataDrivenTest******* 
2026-07-29 21:43:57 [main] INFO  testCases.TC003_LoginDataDrivenTest - ****Finished TC003_LoginDataDrivenTest******* 
2026-07-29 21:43:57 [main] INFO  testCases.TC003_LoginDataDrivenTest - ****Starting TC003_LoginDataDrivenTest******* 
2026-07-29 21:44:00 [main] INFO  testCases.TC003_LoginDataDrivenTest - ****Finished TC003_LoginDataDrivenTest******* 
2026-07-29 21:52:29 [main] DEBUG org.testng.TestNG - suiteXmlPath: "C:\Users\murug\SeleniumWebdriver\Opencart_v1\master.xml"
2026-07-29 21:52:38 [main] INFO  testCases.TC001_AccountRegistrationTest - ******* Starting TC001_AccountRegistrationTest *********
2026-07-29 21:52:38 [main] INFO  testCases.TC001_AccountRegistrationTest - Clicked on MyAccount link
2026-07-29 21:52:39 [main] INFO  testCases.TC001_AccountRegistrationTest - Clicked on register link
2026-07-29 21:52:39 [main] INFO  testCases.TC001_AccountRegistrationTest - Providing customer details....
2026-07-29 21:52:42 [main] INFO  testCases.TC001_AccountRegistrationTest - Validating expected message...
2026-07-29 21:52:43 [main] INFO  testCases.TC001_AccountRegistrationTest - ******* Finished TC001_AccountRegistrationTest *********
2026-07-29 21:52:46 [main] INFO  testCases.TC002_LoginTest - ***** Starting of TC002_LoginTest *****
2026-07-29 21:52:48 [main] INFO  testCases.TC002_LoginTest - ***** Finished TC002_LoginTest *****
2026-07-29 21:53:52 [main] DEBUG org.testng.TestNG - suiteXmlPath: "C:\Users\murug\SeleniumWebdriver\Opencart_v1\master.xml"
2026-07-29 21:53:56 [main] INFO  testCases.TC001_AccountRegistrationTest - ******* Starting TC001_AccountRegistrationTest *********
2026-07-29 21:53:56 [main] INFO  testCases.TC001_AccountRegistrationTest - Clicked on MyAccount link
2026-07-29 21:53:56 [main] INFO  testCases.TC001_AccountRegistrationTest - Clicked on register link
2026-07-29 21:53:56 [main] INFO  testCases.TC001_AccountRegistrationTest - Providing customer details....
2026-07-29 21:54:00 [main] INFO  testCases.TC001_AccountRegistrationTest - Validating expected message...
2026-07-29 21:54:00 [main] INFO  testCases.TC001_AccountRegistrationTest - ******* Finished TC001_AccountRegistrationTest *********
2026-07-29 21:54:03 [main] INFO  testCases.TC002_LoginTest - ***** Starting of TC002_LoginTest *****
2026-07-29 21:54:06 [main] INFO  testCases.TC002_LoginTest - ***** Finished TC002_LoginTest *****
2026-07-29 21:54:33 [main] DEBUG org.testng.TestNG - suiteXmlPath: "C:\Users\murug\SeleniumWebdriver\Opencart_v1\master.xml"
2026-07-29 21:54:38 [main] INFO  testCases.TC001_AccountRegistrationTest - ******* Starting TC001_AccountRegistrationTest *********
2026-07-29 21:54:38 [main] INFO  testCases.TC001_AccountRegistrationTest - Clicked on MyAccount link
2026-07-29 21:54:39 [main] INFO  testCases.TC001_AccountRegistrationTest - Clicked on register link
2026-07-29 21:54:39 [main] INFO  testCases.TC001_AccountRegistrationTest - Providing customer details....
2026-07-29 21:54:44 [main] INFO  testCases.TC001_AccountRegistrationTest - Validating expected message...
2026-07-29 21:54:44 [main] INFO  testCases.TC001_AccountRegistrationTest - ******* Finished TC001_AccountRegistrationTest *********
2026-07-29 21:54:48 [main] INFO  testCases.TC002_LoginTest - ***** Starting of TC002_LoginTest *****
2026-07-29 21:54:50 [main] INFO  testCases.TC002_LoginTest - ***** Finished TC002_LoginTest *****
2026-07-29 22:47:12 [main] DEBUG org.testng.TestNG - suiteXmlPath: "C:\Users\murug\SeleniumWebdriver\Opencart_v1\master.xml"
2026-07-29 22:47:16 [main] INFO  testCases.TC001_AccountRegistrationTest - ******* Starting TC001_AccountRegistrationTest *********
2026-07-29 22:47:16 [main] INFO  testCases.TC001_AccountRegistrationTest - Clicked on MyAccount link
2026-07-29 22:47:17 [main] INFO  testCases.TC001_AccountRegistrationTest - Clicked on register link
2026-07-29 22:47:17 [main] INFO  testCases.TC001_AccountRegistrationTest - Providing customer details....
2026-07-29 22:47:21 [main] INFO  testCases.TC001_AccountRegistrationTest - Validating expected message...
2026-07-29 22:47:21 [main] INFO  testCases.TC001_AccountRegistrationTest - ******* Finished TC001_AccountRegistrationTest *********
2026-07-29 22:47:24 [main] INFO  testCases.TC002_LoginTest - ***** Starting of TC002_LoginTest *****
2026-07-29 22:47:26 [main] INFO  testCases.TC002_LoginTest - ***** Finished TC002_LoginTest *****
2026-07-29 22:48:08 [main] DEBUG org.testng.TestNG - suiteXmlPath: "C:\Users\murug\SeleniumWebdriver\Opencart_v1\master.xml"
2026-07-29 22:48:12 [main] INFO  testCases.TC001_AccountRegistrationTest - ******* Starting TC001_AccountRegistrationTest *********
2026-07-29 22:48:12 [main] INFO  testCases.TC001_AccountRegistrationTest - Clicked on MyAccount link
2026-07-29 22:48:12 [main] INFO  testCases.TC001_AccountRegistrationTest - Clicked on register link
2026-07-29 22:48:12 [main] INFO  testCases.TC001_AccountRegistrationTest - Providing customer details....
2026-07-29 22:48:17 [main] INFO  testCases.TC001_AccountRegistrationTest - Validating expected message...
2026-07-29 22:48:17 [main] INFO  testCases.TC001_AccountRegistrationTest - ******* Finished TC001_AccountRegistrationTest *********
2026-07-29 22:48:21 [main] INFO  testCases.TC002_LoginTest - ***** Starting of TC002_LoginTest *****
2026-07-29 22:48:24 [main] INFO  testCases.TC002_LoginTest - ***** Finished TC002_LoginTest *****
2026-07-29 23:12:54 [main] DEBUG org.testng.TestNG - suiteXmlPath: "C:\Users\murug\SeleniumWebdriver\Opencart_v1\master.xml"
2026-07-29 23:13:01 [main] INFO  testCases.TC001_AccountRegistrationTest - ******* Starting TC001_AccountRegistrationTest *********
2026-07-29 23:13:01 [main] INFO  testCases.TC001_AccountRegistrationTest - Clicked on MyAccount link
2026-07-29 23:13:02 [main] INFO  testCases.TC001_AccountRegistrationTest - Clicked on register link
2026-07-29 23:13:02 [main] INFO  testCases.TC001_AccountRegistrationTest - Providing customer details....
2026-07-29 23:13:06 [main] INFO  testCases.TC001_AccountRegistrationTest - Validating expected message...
2026-07-29 23:13:06 [main] INFO  testCases.TC001_AccountRegistrationTest - ******* Finished TC001_AccountRegistrationTest *********
2026-07-29 23:13:10 [main] INFO  testCases.TC002_LoginTest - ***** Starting of TC002_LoginTest *****
2026-07-29 23:13:13 [main] INFO  testCases.TC002_LoginTest - ***** Finished TC002_LoginTest *****
2026-07-29 23:27:58 [main] DEBUG org.testng.TestNG - suiteXmlPath: "C:\Users\murug\SeleniumWebdriver\Opencart_v1\master.xml"
2026-07-29 23:28:02 [main] INFO  testCases.TC001_AccountRegistrationTest - ******* Starting TC001_AccountRegistrationTest *********
2026-07-29 23:28:02 [main] INFO  testCases.TC001_AccountRegistrationTest - Clicked on MyAccount link
2026-07-29 23:28:03 [main] INFO  testCases.TC001_AccountRegistrationTest - Clicked on register link
2026-07-29 23:28:03 [main] INFO  testCases.TC001_AccountRegistrationTest - Providing customer details....
2026-07-29 23:28:07 [main] INFO  testCases.TC001_AccountRegistrationTest - Validating expected message...
2026-07-29 23:28:07 [main] INFO  testCases.TC001_AccountRegistrationTest - ******* Finished TC001_AccountRegistrationTest *********
2026-07-29 23:28:11 [main] INFO  testCases.TC002_LoginTest - ***** Starting of TC002_LoginTest *****
2026-07-29 23:28:13 [main] INFO  testCases.TC002_LoginTest - ***** Finished TC002_LoginTest *****
